Jun  6 16:00:22 cu-cs-vm kernel: [  316.961995] e1000: ens33 NIC Link is Down
Jun  6 16:27:02 cu-cs-vm systemd[1074]: Time has been changed
Jun  6 16:27:02 cu-cs-vm systemd[1]: Time has been changed
Jun  6 16:27:02 cu-cs-vm NetworkManager[814]: <info>  [1591482422.8544] device (ens33): link disconnected (deferring action for 4 seconds)
Jun  6 16:27:03 cu-cs-vm NetworkManager[814]: <info>  [1591482423.0164] audit: op="sleep-control" arg="off" pid=2346 uid=0 result="fail" reason="Already awake"
Jun  6 16:27:03 cu-cs-vm systemd[1]: Starting Network Service...
Jun  6 16:27:03 cu-cs-vm systemd-networkd[2364]: ens33: Gained IPv6LL
Jun  6 16:27:03 cu-cs-vm systemd-networkd[2364]: Enumeration completed
Jun  6 16:27:03 cu-cs-vm systemd-timesyncd[444]: No network connectivity, watching for changes.
Jun  6 16:27:03 cu-cs-vm systemd[1]: Started Network Service.
Jun  6 16:27:03 cu-cs-vm systemd[1]: Starting Update resolvconf for networkd DNS...
Jun  6 16:27:03 cu-cs-vm sh[2365]: sed: can't read /run/systemd/netif/leases/*: No such file or directory
Jun  6 16:27:04 cu-cs-vm kernel: [  318.974953] e1000: ens33 NIC Link is Up 1000 Mbps Full Duplex, Flow Control: None
Jun  6 16:27:04 cu-cs-vm sh[2365]: sed: can't read /run/systemd/netif/leases/*: No such file or directory
Jun  6 16:27:04 cu-cs-vm NetworkManager[814]: <info>  [1591482424.8653] device (ens33): link connected
Jun  6 16:27:04 cu-cs-vm NetworkManager[814]: <info>  [1591482424.8654] device (ens33): DHCPv4 lease renewal requested
Jun  6 16:27:04 cu-cs-vm systemd-networkd[2364]: ens33: Gained carrier
Jun  6 16:27:04 cu-cs-vm systemd-timesyncd[444]: Network configuration changed, trying to establish connection.
Jun  6 16:27:04 cu-cs-vm NetworkManager[814]: <info>  [1591482424.8856] dhcp4 (ens33): canceled DHCP transaction, DHCP client pid 978
Jun  6 16:27:04 cu-cs-vm NetworkManager[814]: <info>  [1591482424.8856] dhcp4 (ens33): state changed bound -> done
Jun  6 16:27:04 cu-cs-vm NetworkManager[814]: <info>  [1591482424.8862] dhcp4 (ens33): activation: beginning transaction (timeout in 45 seconds)
Jun  6 16:27:04 cu-cs-vm NetworkManager[814]: <info>  [1591482424.8880] dhcp4 (ens33): dhclient started with pid 2384
Jun  6 16:27:04 cu-cs-vm dhclient[2384]: DHCPDISCOVER on ens33 to 255.255.255.255 port 67 interval 3 (xid=0xaaf71961)
Jun  6 16:27:04 cu-cs-vm systemd-timesyncd[444]: Synchronized to time server 91.189.91.157:123 (ntp.ubuntu.com).
Jun  6 16:27:05 cu-cs-vm sh[2365]: sed: can't read /run/systemd/netif/leases/*: No such file or directory
Jun  6 16:27:07 cu-cs-vm sh[2365]: message repeated 2 times: [ sed: can't read /run/systemd/netif/leases/*: No such file or directory]
Jun  6 16:27:07 cu-cs-vm dhclient[2384]: DHCPDISCOVER on ens33 to 255.255.255.255 port 67 interval 8 (xid=0xaaf71961)
Jun  6 16:27:08 cu-cs-vm sh[2365]: sed: can't read /run/systemd/netif/leases/*: No such file or directory
Jun  6 16:27:08 cu-cs-vm dhclient[2384]: DHCPREQUEST of 192.168.248.140 on ens33 to 255.255.255.255 port 67 (xid=0x6119f7aa)
Jun  6 16:27:08 cu-cs-vm dhclient[2384]: DHCPOFFER of 192.168.248.140 from 192.168.248.254
Jun  6 16:27:08 cu-cs-vm dhclient[2384]: DHCPACK of 192.168.248.140 from 192.168.248.254
Jun  6 16:27:08 cu-cs-vm NetworkManager[814]: <info>  [1591482428.7414]   address 192.168.248.140
Jun  6 16:27:08 cu-cs-vm NetworkManager[814]: <info>  [1591482428.7414]   plen 24 (255.255.255.0)
Jun  6 16:27:08 cu-cs-vm NetworkManager[814]: <info>  [1591482428.7414]   gateway 192.168.248.2
Jun  6 16:27:08 cu-cs-vm avahi-daemon[754]: Withdrawing address record for 192.168.248.139 on ens33.
Jun  6 16:27:08 cu-cs-vm NetworkManager[814]: <info>  [1591482428.7415]   server identifier 192.168.248.254
Jun  6 16:27:08 cu-cs-vm avahi-daemon[754]: Leaving mDNS multicast group on interface ens33.IPv4 with address 192.168.248.139.
Jun  6 16:27:08 cu-cs-vm NetworkManager[814]: <info>  [1591482428.7415]   lease time 1800
Jun  6 16:27:08 cu-cs-vm avahi-daemon[754]: Interface ens33.IPv4 no longer relevant for mDNS.
Jun  6 16:27:08 cu-cs-vm NetworkManager[814]: <info>  [1591482428.7415]   nameserver '192.168.248.2'
Jun  6 16:27:08 cu-cs-vm avahi-daemon[754]: Joining mDNS multicast group on interface ens33.IPv4 with address 192.168.248.140.
Jun  6 16:27:08 cu-cs-vm NetworkManager[814]: <info>  [1591482428.7415]   domain name 'localdomain'
Jun  6 16:27:08 cu-cs-vm NetworkManager[814]: <info>  [1591482428.7415]   wins '192.168.248.2'
Jun  6 16:27:08 cu-cs-vm NetworkManager[814]: <info>  [1591482428.7415] dhcp4 (ens33): state changed unknown -> bound
Jun  6 16:27:08 cu-cs-vm systemd-timesyncd[444]: Network configuration changed, trying to establish connection.
Jun  6 16:27:08 cu-cs-vm avahi-daemon[754]: New relevant interface ens33.IPv4 for mDNS.
Jun  6 16:27:08 cu-cs-vm avahi-daemon[754]: Registering new address record for 192.168.248.140 on ens33.IPv4.
Jun  6 16:27:08 cu-cs-vm dbus[757]: [system] Activating via systemd: service name='org.freedesktop.nm_dispatcher' unit='dbus-org.freedesktop.nm-dispatcher.service'
Jun  6 16:27:08 cu-cs-vm systemd[1]: Starting Network Manager Script Dispatcher Service...
Jun  6 16:27:08 cu-cs-vm dhclient[2384]: bound to 192.168.248.140 -- renewal in 830 seconds.
Jun  6 16:27:08 cu-cs-vm dbus[757]: [system] Successfully activated service 'org.freedesktop.nm_dispatcher'
Jun  6 16:27:08 cu-cs-vm systemd[1]: Started Network Manager Script Dispatcher Service.
Jun  6 16:27:08 cu-cs-vm nm-dispatcher: req:1 'dhcp4-change' [ens33]: new request (1 scripts)
Jun  6 16:27:08 cu-cs-vm nm-dispatcher: req:1 'dhcp4-change' [ens33]: start running ordered scripts...
Jun  6 16:27:09 cu-cs-vm sh[2365]: sed: can't read /run/systemd/netif/leases/*: No such file or directory
Jun  6 16:27:09 cu-cs-vm whoopsie[1494]: [16:27:09] Cannot reach: https://daisy.ubuntu.com
Jun  6 16:27:09 cu-cs-vm whoopsie[1494]: [16:27:09] offline
Jun  6 16:27:09 cu-cs-vm whoopsie[1494]: [16:27:09] online
Jun  6 16:27:10 cu-cs-vm sh[2365]: sed: can't read /run/systemd/netif/leases/*: No such file or directory
Jun  6 16:27:12 cu-cs-vm sh[2365]: message repeated 2 times: [ sed: can't read /run/systemd/netif/leases/*: No such file or directory]
Jun  6 16:27:12 cu-cs-vm anacron[783]: Job `cron.daily' terminated
Jun  6 16:27:12 cu-cs-vm anacron[783]: Normal exit (1 job run)
Jun  6 16:27:13 cu-cs-vm sh[2365]: sed: can't read /run/systemd/netif/leases/*: No such file or directory
Jun  6 16:27:18 cu-cs-vm sh[2365]: message repeated 5 times: [ sed: can't read /run/systemd/netif/leases/*: No such file or directory]
Jun  6 16:27:18 cu-cs-vm systemd-timesyncd[444]: Timed out waiting for reply from 91.189.91.157:123 (ntp.ubuntu.com).
Jun  6 16:27:18 cu-cs-vm systemd-timesyncd[444]: Synchronized to time server 91.189.94.4:123 (ntp.ubuntu.com).
Jun  6 16:27:19 cu-cs-vm sh[2365]: sed: can't read /run/systemd/netif/leases/*: No such file or directory
Jun  6 16:27:32 cu-cs-vm sh[2365]: message repeated 13 times: [ sed: can't read /run/systemd/netif/leases/*: No such file or directory]
Jun  6 16:27:33 cu-cs-vm systemd[1]: Started Update resolvconf for networkd DNS.
Jun  6 16:31:55 cu-cs-vm uptimed: moving up to position 8: 0 days, 00:10:10
Jun  6 16:34:04 cu-cs-vm kernel: [  739.189720] SGI XFS with ACLs, security attributes, realtime, no debug enabled
Jun  6 16:34:04 cu-cs-vm kernel: [  739.212363] JFS: nTxBlock = 8192, nTxLock = 65536
Jun  6 16:34:04 cu-cs-vm kernel: [  739.246541] ntfs: driver 2.1.32 [Flags: R/O MODULE].
Jun  6 16:34:04 cu-cs-vm kernel: [  739.322010] QNX4 filesystem 0.2.3 registered.
Jun  6 16:34:05 cu-cs-vm kernel: [  739.397636] raid6: sse2x1   gen()  9563 MB/s
Jun  6 16:34:05 cu-cs-vm kernel: [  739.445511] raid6: sse2x1   xor()  6163 MB/s
Jun  6 16:34:05 cu-cs-vm kernel: [  739.493411] raid6: sse2x2   gen() 11551 MB/s
Jun  6 16:34:05 cu-cs-vm kernel: [  739.541276] raid6: sse2x2   xor()  7870 MB/s
Jun  6 16:34:05 cu-cs-vm kernel: [  739.589146] raid6: sse2x4   gen() 13225 MB/s
Jun  6 16:34:05 cu-cs-vm kernel: [  739.638014] raid6: sse2x4   xor()  8953 MB/s
Jun  6 16:34:05 cu-cs-vm kernel: [  739.685873] raid6: avx2x1   gen() 22770 MB/s
Jun  6 16:34:05 cu-cs-vm kernel: [  739.733758] raid6: avx2x1   xor() 16536 MB/s
Jun  6 16:34:05 cu-cs-vm kernel: [  739.781608] raid6: avx2x2   gen() 25437 MB/s
Jun  6 16:34:05 cu-cs-vm kernel: [  739.829505] raid6: avx2x2   xor() 17992 MB/s
Jun  6 16:34:05 cu-cs-vm kernel: [  739.877378] raid6: avx2x4   gen() 28088 MB/s
Jun  6 16:34:05 cu-cs-vm kernel: [  739.926252] raid6: avx2x4   xor() 20638 MB/s
Jun  6 16:34:05 cu-cs-vm kernel: [  739.926254] raid6: using algorithm avx2x4 gen() 28088 MB/s
Jun  6 16:34:05 cu-cs-vm kernel: [  739.926254] raid6: .... xor() 20638 MB/s, rmw enabled
Jun  6 16:34:05 cu-cs-vm kernel: [  739.926255] raid6: using avx2x2 recovery algorithm
Jun  6 16:34:05 cu-cs-vm kernel: [  739.933056] xor: automatically using best checksumming function   avx       
Jun  6 16:34:05 cu-cs-vm kernel: [  740.035126] Btrfs loaded, crc32c=crc32c-intel
Jun  6 16:34:05 cu-cs-vm os-prober: debug: /dev/sda2: DOS extended partition; skipping
Jun  6 16:34:05 cu-cs-vm os-prober: debug: /dev/sda5: is active swap
Jun  6 16:34:16 cu-cs-vm systemd[1]: Stopping Daemon for power management...
Jun  6 16:34:16 cu-cs-vm systemd[1]: Stopping Service for virtual machines hosted on VMware...
Jun  6 16:34:16 cu-cs-vm systemd[1]: Stopping User Manager for UID 1000...
Jun  6 16:34:16 cu-cs-vm systemd[1]: Stopping Authenticate and Authorize Users to Run Privileged Tasks...
Jun  6 16:34:16 cu-cs-vm systemd[1]: Stopping ACPI event daemon...
Jun  6 16:34:16 cu-cs-vm systemd[1]: Stopped target Timers.
Jun  6 16:34:16 cu-cs-vm systemd[1]: Stopped Daily apt upgrade and clean activities.
Jun  6 16:34:16 cu-cs-vm systemd[1]: Stopped Daily apt download activities.
Jun  6 16:34:16 cu-cs-vm systemd[1]: Stopping Session c1 of user user.
Jun  6 16:34:16 cu-cs-vm systemd[1]: Closed Load/Save RF Kill Switch Status /dev/rfkill Watch.
Jun  6 16:34:16 cu-cs-vm systemd[1]: Stopped target System Time Synchronized.
Jun  6 16:34:16 cu-cs-vm systemd[1]: Stopping Disk Manager...
Jun  6 16:34:16 cu-cs-vm systemd[1]: Stopping Daemon for generating UUIDs...
Jun  6 16:34:16 cu-cs-vm systemd[1]: Stopped Daily Cleanup of Temporary Directories.
Jun  6 16:34:16 cu-cs-vm systemd[1]: Stopped target Graphical Interface.
Jun  6 16:34:16 cu-cs-vm systemd[1]: Stopped target Multi-User System.
Jun  6 16:34:16 cu-cs-vm systemd[1]: Stopped Initialize hardware monitoring sensors.
Jun  6 16:34:16 cu-cs-vm systemd[1]: Stopped target Login Prompts.
Jun  6 16:34:16 cu-cs-vm systemd[1]: Stopping Getty on tty1...
Jun  6 16:34:16 cu-cs-vm systemd[1]: Stopping Make remote CUPS printers available locally...
Jun  6 16:34:16 cu-cs-vm systemd[1]: Stopped Wait until snapd is fully seeded.
Jun  6 16:34:16 cu-cs-vm rsyslogd: [origin software="rsyslogd" swVersion="8.16.0" x-pid="785" x-info="http://www.rsyslog.com"] exiting on signal 15.
Jun  6 16:34:44 cu-cs-vm rsyslogd: [origin software="rsyslogd" swVersion="8.16.0" x-pid="823" x-info="http://www.rsyslog.com"] start
Jun  6 16:34:44 cu-cs-vm systemd-modules-load[333]: Inserted module 'lp'
Jun  6 16:34:44 cu-cs-vm rsyslogd-2222: command 'KLogPermitNonKernelFacility' is currently not permitted - did you already set it via a RainerScript command (v6+ config)? [v8.16.0 try http://www.rsyslog.com/e/2222 ]
Jun  6 16:34:44 cu-cs-vm rsyslogd: rsyslogd's groupid changed to 108
Jun  6 16:34:44 cu-cs-vm rsyslogd: rsyslogd's userid changed to 104
Jun  6 16:34:44 cu-cs-vm systemd-modules-load[333]: Inserted module 'ppdev'
Jun  6 16:34:44 cu-cs-vm systemd-modules-load[333]: Inserted module 'parport_pc'
Jun  6 16:34:44 cu-cs-vm systemd[1]: Mounted POSIX Message Queue File System.
Jun  6 16:34:44 cu-cs-vm systemd[1]: Mounted Debug File System.
Jun  6 16:34:44 cu-cs-vm systemd[1]: Mounted Huge Pages File System.
Jun  6 16:34:44 cu-cs-vm systemd-modules-load[333]: Module 'fuse' is builtin
Jun  6 16:34:44 cu-cs-vm systemd[1]: Started Load Kernel Modules.
Jun  6 16:34:44 cu-cs-vm systemd[1]: Mounting Configuration File System...
Jun  6 16:34:44 cu-cs-vm systemd[1]: Starting Apply Kernel Variables...
Jun  6 16:34:44 cu-cs-vm systemd[1]: Mounting FUSE Control File System...
Jun  6 16:34:44 cu-cs-vm systemd[1]: Mounted Configuration File System.
Jun  6 16:34:44 cu-cs-vm systemd[1]: Mounted FUSE Control File System.
Jun  6 16:34:44 cu-cs-vm systemd[1]: Mounting VMware vmblock fuse mount...
Jun  6 16:34:44 cu-cs-vm systemd[1]: Started Create Static Device Nodes in /dev.
Jun  6 16:34:44 cu-cs-vm systemd[1]: Starting udev Kernel Device Manager...
Jun  6 16:34:44 cu-cs-vm systemd[1]: Started Nameserver information manager.
Jun  6 16:34:44 cu-cs-vm systemd[1]: Reached target Network (Pre).
Jun  6 16:34:44 cu-cs-vm systemd[1]: Started Apply Kernel Variables.
Jun  6 16:34:44 cu-cs-vm systemd[1]: Started udev Kernel Device Manager.
Jun  6 16:34:44 cu-cs-vm systemd[1]: Starting Remount Root and Kernel File Systems...
Jun  6 16:34:44 cu-cs-vm systemd[1]: Mounted VMware vmblock fuse mount.
Jun  6 16:34:44 cu-cs-vm systemd[1]: Started Remount Root and Kernel File Systems.
Jun  6 16:34:44 cu-cs-vm systemd[1]: Starting Load/Save Random Seed...
Jun  6 16:34:44 cu-cs-vm systemd[1]: Starting Flush Journal to Persistent Storage...
Jun  6 16:34:44 cu-cs-vm kernel: [    0.000000] Linux version 4.15.18revision1 (root@cu-cs-vm) (gcc version 5.4.0 20160609 (Ubuntu 5.4.0-6ubuntu1~16.04.12)) #4 SMP Sat Jun 6 16:28:59 MDT 2020 (Ubuntu 4.15.0-33.36~16.04.1-generic 4.15.18)
Jun  6 16:34:44 cu-cs-vm rsyslogd-2039: Could not open output pipe '/dev/xconsole':: No such file or directory [v8.16.0 try http://www.rsyslog.com/e/2039 ]
Jun  6 16:34:44 cu-cs-vm systemd[1]: Starting udev Coldplug all Devices...
Jun  6 16:34:44 cu-cs-vm kernel: [    0.000000] Command line: BOOT_IMAGE=/boot/vmlinuz-4.15.18revision1 root=UUID=a7adc8c1-e02a-478b-93ad-c06e060e0176 ro
Jun  6 16:34:44 cu-cs-vm kernel: [    0.000000] KERNEL supported cpus:
Jun  6 16:34:44 cu-cs-vm kernel: [    0.000000]   Intel GenuineIntel
Jun  6 16:34:44 cu-cs-vm kernel: [    0.000000]   AMD AuthenticAMD
Jun  6 16:34:44 cu-cs-vm kernel: [    0.000000]   Centaur CentaurHauls
Jun  6 16:34:44 cu-cs-vm kernel: [    0.000000] Disabled fast string operations
Jun  6 16:34:44 cu-cs-vm loadkeys[341]: Loading /etc/console-setup/cached.kmap.gz
Jun  6 16:34:44 cu-cs-vm kernel: [    0.000000] x86/fpu: Supporting XSAVE feature 0x001: 'x87 floating point registers'
Jun  6 16:34:44 cu-cs-vm kernel: [    0.000000] x86/fpu: Supporting XSAVE feature 0x002: 'SSE registers'
Jun  6 16:34:44 cu-cs-vm kernel: [    0.000000] x86/fpu: Supporting XSAVE feature 0x004: 'AVX registers'
Jun  6 16:34:44 cu-cs-vm systemd[1]: Started Set console keymap.
Jun  6 16:34:44 cu-cs-vm kernel: [    0.000000] x86/fpu: xstate_offset[2]:  576, xstate_sizes[2]:  256
Jun  6 16:34:44 cu-cs-vm kernel: [    0.000000] x86/fpu: Enabled xstate features 0x7, context size is 832 bytes, using 'standard' format.
Jun  6 16:34:44 cu-cs-vm kernel: [    0.000000] e820: BIOS-provided physical RAM map:
Jun  6 16:34:44 cu-cs-vm kernel: [    0.000000] BIOS-e820: [mem 0x0000000000000000-0x000000000009e7ff] usable
Jun  6 16:34:44 cu-cs-vm kernel: [    0.000000] BIOS-e820: [mem 0x000000000009e800-0x000000000009ffff] reserved
Jun  6 16:34:44 cu-cs-vm kernel: [    0.000000] BIOS-e820: [mem 0x00000000000dc000-0x00000000000fffff] reserved
Jun  6 16:34:44 cu-cs-vm systemd[1]: Reached target Local File Systems (Pre).
Jun  6 16:34:44 cu-cs-vm kernel: [    0.000000] BIOS-e820: [mem 0x0000000000100000-0x00000000bfecffff] usable
Jun  6 16:34:44 cu-cs-vm kernel: [    0.000000] BIOS-e820: [mem 0x00000000bfed0000-0x00000000bfefefff] ACPI data
Jun  6 16:34:44 cu-cs-vm rsyslogd-2007: action 'action 10' suspended, next retry is Sat Jun  6 16:35:14 2020 [v8.16.0 try http://www.rsyslog.com/e/2007 ]
Jun  6 16:34:44 cu-cs-vm kernel: [    0.000000] BIOS-e820: [mem 0x00000000bfeff000-0x00000000bfefffff] ACPI NVS
Jun  6 16:34:44 cu-cs-vm kernel: [    0.000000] BIOS-e820: [mem 0x00000000bff00000-0x00000000bfffffff] usable
Jun  6 16:34:44 cu-cs-vm kernel: [    0.000000] BIOS-e820: [mem 0x00000000f0000000-0x00000000f7ffffff] reserved
Jun  6 16:34:44 cu-cs-vm kernel: [    0.000000] BIOS-e820: [mem 0x00000000fec00000-0x00000000fec0ffff] reserved
Jun  6 16:34:44 cu-cs-vm kernel: [    0.000000] BIOS-e820: [mem 0x00000000fee00000-0x00000000fee00fff] reserved
Jun  6 16:34:44 cu-cs-vm systemd[1]: Reached target Local File Systems.
Jun  6 16:34:44 cu-cs-vm kernel: [    0.000000] BIOS-e820: [mem 0x00000000fffe0000-0x00000000ffffffff] reserved
Jun  6 16:34:44 cu-cs-vm kernel: [    0.000000] BIOS-e820: [mem 0x0000000100000000-0x000000013fffffff] usable
Jun  6 16:34:44 cu-cs-vm kernel: [    0.000000] NX (Execute Disable) protection: active
Jun  6 16:34:44 cu-cs-vm kernel: [    0.000000] SMBIOS 2.7 present.
Jun  6 16:34:44 cu-cs-vm kernel: [    0.000000] DMI: VMware, Inc. VMware Virtual Platform/440BX Desktop Reference Platform, BIOS 6.00 05/19/2017
Jun  6 16:34:44 cu-cs-vm systemd[1]: Started Service for virtual machines hosted on VMware.
Jun  6 16:34:44 cu-cs-vm kernel: [    0.000000] Hypervisor detected: VMware
Jun  6 16:34:44 cu-cs-vm kernel: [    0.000000] vmware: TSC freq read from hypervisor : 1800.001 MHz
Jun  6 16:34:44 cu-cs-vm kernel: [    0.000000] vmware: Host bus clock speed read from hypervisor : 66000000 Hz
Jun  6 16:34:44 cu-cs-vm systemd[1]: Starting LSB: AppArmor initialization...
Jun  6 16:34:44 cu-cs-vm kernel: [    0.000000] vmware: using sched offset of 15687185560 ns
Jun  6 16:34:44 cu-cs-vm kernel: [    0.000000] e820: update [mem 0x00000000-0x00000fff] usable ==> reserved
Jun  6 16:34:44 cu-cs-vm systemd[1]: Starting Set console font and keymap...
Jun  6 16:34:44 cu-cs-vm kernel: [    0.000000] e820: remove [mem 0x000a0000-0x000fffff] usable
Jun  6 16:34:44 cu-cs-vm kernel: [    0.000000] e820: last_pfn = 0x140000 max_arch_pfn = 0x400000000
Jun  6 16:34:44 cu-cs-vm kernel: [    0.000000] MTRR default type: uncachable
Jun  6 16:34:44 cu-cs-vm kernel: [    0.000000] MTRR fixed ranges enabled:
Jun  6 16:34:44 cu-cs-vm kernel: [    0.000000]   00000-9FFFF write-back
Jun  6 16:34:44 cu-cs-vm kernel: [    0.000000]   A0000-BFFFF uncachable
Jun  6 16:34:44 cu-cs-vm systemd[1]: Starting Tell Plymouth To Write Out Runtime Data...
Jun  6 16:34:44 cu-cs-vm kernel: [    0.000000]   C0000-C7FFF write-protect
Jun  6 16:34:44 cu-cs-vm kernel: [    0.000000]   C8000-CBFFF write-back
Jun  6 16:34:44 cu-cs-vm kernel: [    0.000000]   CC000-EFFFF uncachable
Jun  6 16:34:44 cu-cs-vm kernel: [    0.000000]   F0000-FFFFF write-protect
Jun  6 16:34:44 cu-cs-vm kernel: [    0.000000] MTRR variable ranges enabled:
Jun  6 16:34:44 cu-cs-vm kernel: [    0.000000]   0 base 000C0000000 mask 3FFC0000000 uncachable
Jun  6 16:34:44 cu-cs-vm systemd[1]: Starting Enable support for additional executable binary formats...
Jun  6 16:34:44 cu-cs-vm kernel: [    0.000000]   1 base 00000000000 mask 3E000000000 write-back
Jun  6 16:34:44 cu-cs-vm kernel: [    0.000000]   2 disabled
Jun  6 16:34:44 cu-cs-vm systemd[1]: proc-sys-fs-binfmt_misc.automount: Got automount request for /proc/sys/fs/binfmt_misc, triggered by 405 (update-binfmts)
Jun  6 16:34:44 cu-cs-vm kernel: [    0.000000]   3 disabled
Jun  6 16:34:44 cu-cs-vm kernel: [    0.000000]   4 disabled
Jun  6 16:34:44 cu-cs-vm kernel: [    0.000000]   5 disabled
Jun  6 16:34:44 cu-cs-vm kernel: [    0.000000]   6 disabled
Jun  6 16:34:44 cu-cs-vm systemd[1]: Mounting Arbitrary Executable File Formats File System...
Jun  6 16:34:44 cu-cs-vm kernel: [    0.000000]   7 disabled
Jun  6 16:34:44 cu-cs-vm kernel: [    0.000000] x86/PAT: Configuration [0-7]: WB  WC  UC- UC  WB  WP  UC- WT  
Jun  6 16:34:44 cu-cs-vm kernel: [    0.000000] total RAM covered: 130048M
Jun  6 16:34:44 cu-cs-vm kernel: [    0.000000] Found optimal setting for mtrr clean up
Jun  6 16:34:44 cu-cs-vm kernel: [    0.000000]  gran_size: 64K 	chunk_size: 64K 	num_reg: 7  	lose cover RAM: 0G
Jun  6 16:34:44 cu-cs-vm systemd[1]: Started Load/Save Random Seed.
Jun  6 16:34:44 cu-cs-vm kernel: [    0.000000] e820: update [mem 0xc0000000-0xffffffff] usable ==> reserved
Jun  6 16:34:44 cu-cs-vm kernel: [    0.000000] e820: last_pfn = 0xc0000 max_arch_pfn = 0x400000000
Jun  6 16:34:44 cu-cs-vm systemd[1]: Started Flush Journal to Persistent Storage.
Jun  6 16:34:44 cu-cs-vm kernel: [    0.000000] found SMP MP-table at [mem 0x000f6a80-0x000f6a8f]
Jun  6 16:34:44 cu-cs-vm kernel: [    0.000000] Scanning 1 areas for low memory corruption
Jun  6 16:34:44 cu-cs-vm kernel: [    0.000000] Using GB pages for direct mapping
Jun  6 16:34:44 cu-cs-vm kernel: [    0.000000] BRK [0x42b91000, 0x42b91fff] PGTABLE
Jun  6 16:34:44 cu-cs-vm systemd[1]: Starting Create Volatile Files and Directories...
Jun  6 16:34:44 cu-cs-vm kernel: [    0.000000] BRK [0x42b92000, 0x42b92fff] PGTABLE
Jun  6 16:34:44 cu-cs-vm kernel: [    0.000000] BRK [0x42b93000, 0x42b93fff] PGTABLE
Jun  6 16:34:44 cu-cs-vm kernel: [    0.000000] BRK [0x42b94000, 0x42b94fff] PGTABLE
Jun  6 16:34:44 cu-cs-vm kernel: [    0.000000] RAMDISK: [mem 0x1cdd6000-0x37feffff]
Jun  6 16:34:44 cu-cs-vm kernel: [    0.000000] ACPI: Early table checksum verification disabled
Jun  6 16:34:44 cu-cs-vm kernel: [    0.000000] ACPI: RSDP 0x00000000000F6A10 000024 (v02 PTLTD )
Jun  6 16:34:44 cu-cs-vm kernel: [    0.000000] ACPI: XSDT 0x00000000BFEDD677 000054 (v01 INTEL  440BX    06040000 VMW  01324272)
Jun  6 16:34:44 cu-cs-vm kernel: [    0.000000] ACPI: FACP 0x00000000BFEFEE73 0000F4 (v04 INTEL  440BX    06040000 PTL  000F4240)
Jun  6 16:34:44 cu-cs-vm kernel: [    0.000000] ACPI: DSDT 0x00000000BFEDEB22 020351 (v01 PTLTD  Custom   06040000 MSFT 03000001)
Jun  6 16:34:44 cu-cs-vm kernel: [    0.000000] ACPI: FACS 0x00000000BFEFFFC0 000040
Jun  6 16:34:44 cu-cs-vm kernel: [    0.000000] ACPI: FACS 0x00000000BFEFFFC0 000040
Jun  6 16:34:44 cu-cs-vm kernel: [    0.000000] ACPI: BOOT 0x00000000BFEDEAFA 000028 (v01 PTLTD  $SBFTBL$ 06040000  LTP 00000001)
Jun  6 16:34:44 cu-cs-vm systemd-tmpfiles[436]: [/usr/lib/tmpfiles.d/var.conf:14] Duplicate line for path "/var/log", ignoring.
Jun  6 16:34:44 cu-cs-vm systemd[1]: Started Tell Plymouth To Write Out Runtime Data.
Jun  6 16:34:44 cu-cs-vm kernel: [    0.000000] ACPI: APIC 0x00000000BFEDE3B8 000742 (v01 PTLTD  ? APIC   06040000  LTP 00000000)
Jun  6 16:34:44 cu-cs-vm kernel: [    0.000000] ACPI: MCFG 0x00000000BFEDE37C 00003C (v01 PTLTD  $PCITBL$ 06040000  LTP 00000001)
Jun  6 16:34:44 cu-cs-vm systemd[1]: Started Create Volatile Files and Directories.
Jun  6 16:34:44 cu-cs-vm kernel: [    0.000000] ACPI: SRAT 0x00000000BFEDD72F 0008D0 (v02 VMWARE MEMPLUG  06040000 VMW  00000001)
Jun  6 16:34:44 cu-cs-vm kernel: [    0.000000] ACPI: WAET 0x00000000BFEDD707 000028 (v01 VMWARE VMW WAET 06040000 VMW  00000001)
Jun  6 16:34:44 cu-cs-vm kernel: [    0.000000] ACPI: Local APIC address 0xfee00000
Jun  6 16:34:44 cu-cs-vm kernel: [    0.000000] system APIC only can use physical flat
Jun  6 16:34:44 cu-cs-vm kernel: [    0.000000] Setting APIC routing to physical flat.
Jun  6 16:34:44 cu-cs-vm kernel: [    0.000000] SRAT: PXM 0 -> APIC 0x00 -> Node 0
Jun  6 16:34:44 cu-cs-vm kernel: [    0.000000] SRAT: PXM 0 -> APIC 0x02 -> Node 0
Jun  6 16:34:44 cu-cs-vm systemd[1]: Starting Network Time Synchronization...
Jun  6 16:34:44 cu-cs-vm kernel: [    0.000000] SRAT: PXM 0 -> APIC 0x04 -> Node 0
Jun  6 16:34:44 cu-cs-vm kernel: [    0.000000] SRAT: PXM 0 -> APIC 0x06 -> Node 0
Jun  6 16:34:44 cu-cs-vm kernel: [    0.000000] SRAT: PXM 0 -> APIC 0x08 -> Node 0
Jun  6 16:34:44 cu-cs-vm systemd[1]: Starting Update UTMP about System Boot/Shutdown...
Jun  6 16:34:44 cu-cs-vm kernel: [    0.000000] SRAT: PXM 0 -> APIC 0x0a -> Node 0
Jun  6 16:34:44 cu-cs-vm kernel: [    0.000000] SRAT: PXM 0 -> APIC 0x0c -> Node 0
Jun  6 16:34:44 cu-cs-vm kernel: [    0.000000] SRAT: PXM 0 -> APIC 0x0e -> Node 0
Jun  6 16:34:44 cu-cs-vm kernel: [    0.000000] SRAT: PXM 0 -> APIC 0x10 -> Node 0
Jun  6 16:34:44 cu-cs-vm kernel: [    0.000000] SRAT: PXM 0 -> APIC 0x12 -> Node 0
Jun  6 16:34:44 cu-cs-vm kernel: [    0.000000] SRAT: PXM 0 -> APIC 0x14 -> Node 0
Jun  6 16:34:44 cu-cs-vm systemd[1]: Started udev Coldplug all Devices.
Jun  6 16:34:44 cu-cs-vm kernel: [    0.000000] SRAT: PXM 0 -> APIC 0x16 -> Node 0
Jun  6 16:34:44 cu-cs-vm kernel: [    0.000000] SRAT: PXM 0 -> APIC 0x18 -> Node 0
Jun  6 16:34:44 cu-cs-vm kernel: [    0.000000] SRAT: PXM 0 -> APIC 0x1a -> Node 0
Jun  6 16:34:44 cu-cs-vm kernel: [    0.000000] SRAT: PXM 0 -> APIC 0x1c -> Node 0
Jun  6 16:34:44 cu-cs-vm kernel: [    0.000000] SRAT: PXM 0 -> APIC 0x1e -> Node 0
Jun  6 16:34:44 cu-cs-vm systemd[1]: Started Dispatch Password Requests to Console Directory Watch.
Jun  6 16:34:44 cu-cs-vm kernel: [    0.000000] SRAT: PXM 0 -> APIC 0x20 -> Node 0
Jun  6 16:34:44 cu-cs-vm kernel: [    0.000000] SRAT: PXM 0 -> APIC 0x22 -> Node 0
Jun  6 16:34:44 cu-cs-vm kernel: [    0.000000] SRAT: PXM 0 -> APIC 0x24 -> Node 0
Jun  6 16:34:44 cu-cs-vm kernel: [    0.000000] SRAT: PXM 0 -> APIC 0x26 -> Node 0
Jun  6 16:34:44 cu-cs-vm kernel: [    0.000000] SRAT: PXM 0 -> APIC 0x28 -> Node 0
Jun  6 16:34:44 cu-cs-vm kernel: [    0.000000] SRAT: PXM 0 -> APIC 0x2a -> Node 0
Jun  6 16:34:44 cu-cs-vm systemd[1]: Started Network Time Synchronization.
Jun  6 16:34:44 cu-cs-vm kernel: [    0.000000] SRAT: PXM 0 -> APIC 0x2c -> Node 0
Jun  6 16:34:44 cu-cs-vm kernel: [    0.000000] SRAT: PXM 0 -> APIC 0x2e -> Node 0
Jun  6 16:34:44 cu-cs-vm kernel: [    0.000000] SRAT: PXM 0 -> APIC 0x30 -> Node 0
Jun  6 16:34:44 cu-cs-vm kernel: [    0.000000] SRAT: PXM 0 -> APIC 0x32 -> Node 0
Jun  6 16:34:44 cu-cs-vm kernel: [    0.000000] SRAT: PXM 0 -> APIC 0x34 -> Node 0
Jun  6 16:34:44 cu-cs-vm systemd[1]: Reached target System Time Synchronized.
Jun  6 16:34:44 cu-cs-vm kernel: [    0.000000] SRAT: PXM 0 -> APIC 0x36 -> Node 0
Jun  6 16:34:44 cu-cs-vm kernel: [    0.000000] SRAT: PXM 0 -> APIC 0x38 -> Node 0
Jun  6 16:34:44 cu-cs-vm kernel: [    0.000000] SRAT: PXM 0 -> APIC 0x3a -> Node 0
Jun  6 16:34:44 cu-cs-vm kernel: [    0.000000] SRAT: PXM 0 -> APIC 0x3c -> Node 0
Jun  6 16:34:44 cu-cs-vm systemd[1]: Started Update UTMP about System Boot/Shutdown.
Jun  6 16:34:44 cu-cs-vm kernel: [    0.000000] SRAT: PXM 0 -> APIC 0x3e -> Node 0
Jun  6 16:34:44 cu-cs-vm kernel: [    0.000000] SRAT: PXM 0 -> APIC 0x40 -> Node 0
Jun  6 16:34:44 cu-cs-vm kernel: [    0.000000] SRAT: PXM 0 -> APIC 0x42 -> Node 0
Jun  6 16:34:44 cu-cs-vm kernel: [    0.000000] SRAT: PXM 0 -> APIC 0x44 -> Node 0
Jun  6 16:34:44 cu-cs-vm kernel: [    0.000000] SRAT: PXM 0 -> APIC 0x46 -> Node 0
Jun  6 16:34:44 cu-cs-vm apparmor[402]:  * Starting AppArmor profiles
Jun  6 16:34:44 cu-cs-vm kernel: [    0.000000] SRAT: PXM 0 -> APIC 0x48 -> Node 0
Jun  6 16:34:44 cu-cs-vm kernel: [    0.000000] SRAT: PXM 0 -> APIC 0x4a -> Node 0
Jun  6 16:34:44 cu-cs-vm kernel: [    0.000000] SRAT: PXM 0 -> APIC 0x4c -> Node 0
Jun  6 16:34:44 cu-cs-vm kernel: [    0.000000] SRAT: PXM 0 -> APIC 0x4e -> Node 0
Jun  6 16:34:44 cu-cs-vm kernel: [    0.000000] SRAT: PXM 0 -> APIC 0x50 -> Node 0
Jun  6 16:34:44 cu-cs-vm kernel: [    0.000000] SRAT: PXM 0 -> APIC 0x52 -> Node 0
Jun  6 16:34:44 cu-cs-vm kernel: [    0.000000] SRAT: PXM 0 -> APIC 0x54 -> Node 0
Jun  6 16:34:44 cu-cs-vm kernel: [    0.000000] SRAT: PXM 0 -> APIC 0x56 -> Node 0
Jun  6 16:34:44 cu-cs-vm systemd[1]: Mounted Arbitrary Executable File Formats File System.
Jun  6 16:34:44 cu-cs-vm kernel: [    0.000000] SRAT: PXM 0 -> APIC 0x58 -> Node 0
Jun  6 16:34:44 cu-cs-vm kernel: [    0.000000] SRAT: PXM 0 -> APIC 0x5a -> Node 0
Jun  6 16:34:44 cu-cs-vm systemd[1]: Started Enable support for additional executable binary formats.
Jun  6 16:34:44 cu-cs-vm kernel: [    0.000000] SRAT: PXM 0 -> APIC 0x5c -> Node 0
Jun  6 16:34:44 cu-cs-vm kernel: [    0.000000] SRAT: PXM 0 -> APIC 0x5e -> Node 0
Jun  6 16:34:44 cu-cs-vm kernel: [    0.000000] SRAT: PXM 0 -> APIC 0x60 -> Node 0
Jun  6 16:34:44 cu-cs-vm systemd[1]: Started Set console font and keymap.
Jun  6 16:34:44 cu-cs-vm systemd[1]: Created slice system-getty.slice.
Jun  6 16:34:44 cu-cs-vm apparmor[402]: Skipping profile in /etc/apparmor.d/disable: usr.bin.firefox
Jun  6 16:34:44 cu-cs-vm apparmor[402]: Skipping profile in /etc/apparmor.d/disable: usr.sbin.rsyslogd
Jun  6 16:34:44 cu-cs-vm apparmor[402]:    ...done.
Jun  6 16:34:44 cu-cs-vm systemd[1]: Started LSB: AppArmor initialization.
Jun  6 16:34:44 cu-cs-vm systemd[1]: Starting Raise network interfaces...
Jun  6 16:34:44 cu-cs-vm mtp-probe: checking bus 2, device 2: "/sys/devices/pci0000:00/0000:00:11.0/0000:02:00.0/usb2/2-1"
Jun  6 16:34:44 cu-cs-vm mtp-probe: bus: 2, device: 2 was not an MTP device
Jun  6 16:34:44 cu-cs-vm systemd[1]: Listening on Load/Save RF Kill Switch Status /dev/rfkill Watch.
Jun  6 16:34:44 cu-cs-vm systemd[1]: Started Raise network interfaces.
Jun  6 16:34:44 cu-cs-vm systemd[1]: Found device VMware_Virtual_S 5.
Jun  6 16:34:44 cu-cs-vm systemd[1]: Activating swap /dev/disk/by-uuid/4f6f25d8-6004-459b-b46c-f0f3c3d0de9b...
Jun  6 16:34:44 cu-cs-vm systemd[1]: Activated swap /dev/disk/by-uuid/4f6f25d8-6004-459b-b46c-f0f3c3d0de9b.
Jun  6 16:34:44 cu-cs-vm systemd[1]: Reached target Swap.
Jun  6 16:34:44 cu-cs-vm kernel: [    0.000000] SRAT: PXM 0 -> APIC 0x62 -> Node 0
Jun  6 16:34:44 cu-cs-vm kernel: [    0.000000] SRAT: PXM 0 -> APIC 0x64 -> Node 0
Jun  6 16:34:44 cu-cs-vm systemd[1]: Reached target System Initialization.
Jun  6 16:34:44 cu-cs-vm kernel: [    0.000000] SRAT: PXM 0 -> APIC 0x66 -> Node 0
Jun  6 16:34:44 cu-cs-vm kernel: [    0.000000] SRAT: PXM 0 -> APIC 0x68 -> Node 0
Jun  6 16:34:44 cu-cs-vm kernel: [    0.000000] SRAT: PXM 0 -> APIC 0x6a -> Node 0
Jun  6 16:34:44 cu-cs-vm systemd[1]: Started Daily apt download activities.
Jun  6 16:34:44 cu-cs-vm kernel: [    0.000000] SRAT: PXM 0 -> APIC 0x6c -> Node 0
Jun  6 16:34:44 cu-cs-vm kernel: [    0.000000] SRAT: PXM 0 -> APIC 0x6e -> Node 0
Jun  6 16:34:44 cu-cs-vm kernel: [    0.000000] SRAT: PXM 0 -> APIC 0x70 -> Node 0
Jun  6 16:34:44 cu-cs-vm systemd[1]: Started CUPS Scheduler.
Jun  6 16:34:44 cu-cs-vm kernel: [    0.000000] SRAT: PXM 0 -> APIC 0x72 -> Node 0
Jun  6 16:34:44 cu-cs-vm kernel: [    0.000000] SRAT: PXM 0 -> APIC 0x74 -> Node 0
Jun  6 16:34:44 cu-cs-vm kernel: [    0.000000] SRAT: PXM 0 -> APIC 0x76 -> Node 0
Jun  6 16:34:44 cu-cs-vm kernel: [    0.000000] SRAT: PXM 0 -> APIC 0x78 -> Node 0
Jun  6 16:34:44 cu-cs-vm kernel: [    0.000000] SRAT: PXM 0 -> APIC 0x7a -> Node 0
Jun  6 16:34:44 cu-cs-vm systemd[1]: Listening on UUID daemon activation socket.
Jun  6 16:34:44 cu-cs-vm kernel: [    0.000000] SRAT: PXM 0 -> APIC 0x7c -> Node 0
Jun  6 16:34:44 cu-cs-vm kernel: [    0.000000] SRAT: PXM 0 -> APIC 0x7e -> Node 0
Jun  6 16:34:44 cu-cs-vm kernel: [    0.000000] SRAT: PXM 0 -> APIC 0x80 -> Node 0
Jun  6 16:34:44 cu-cs-vm systemd[1]: Listening on ACPID Listen Socket.
Jun  6 16:34:44 cu-cs-vm kernel: [    0.000000] SRAT: PXM 0 -> APIC 0x82 -> Node 0
Jun  6 16:34:44 cu-cs-vm kernel: [    0.000000] SRAT: PXM 0 -> APIC 0x84 -> Node 0
Jun  6 16:34:44 cu-cs-vm kernel: [    0.000000] SRAT: PXM 0 -> APIC 0x86 -> Node 0
Jun  6 16:34:44 cu-cs-vm kernel: [    0.000000] SRAT: PXM 0 -> APIC 0x88 -> Node 0
Jun  6 16:34:44 cu-cs-vm systemd[1]: Starting Socket activation for snappy daemon.
Jun  6 16:34:44 cu-cs-vm kernel: [    0.000000] SRAT: PXM 0 -> APIC 0x8a -> Node 0
Jun  6 16:34:44 cu-cs-vm kernel: [    0.000000] SRAT: PXM 0 -> APIC 0x8c -> Node 0
Jun  6 16:34:44 cu-cs-vm kernel: [    0.000000] SRAT: PXM 0 -> APIC 0x8e -> Node 0
Jun  6 16:34:44 cu-cs-vm kernel: [    0.000000] SRAT: PXM 0 -> APIC 0x90 -> Node 0
Jun  6 16:34:44 cu-cs-vm kernel: [    0.000000] SRAT: PXM 0 -> APIC 0x92 -> Node 0
Jun  6 16:34:44 cu-cs-vm kernel: [    0.000000] SRAT: PXM 0 -> APIC 0x94 -> Node 0
Jun  6 16:34:44 cu-cs-vm systemd[1]: Started Daily Cleanup of Temporary Directories.
Jun  6 16:34:44 cu-cs-vm kernel: [    0.000000] SRAT: PXM 0 -> APIC 0x96 -> Node 0
Jun  6 16:34:44 cu-cs-vm kernel: [    0.000000] SRAT: PXM 0 -> APIC 0x98 -> Node 0
Jun  6 16:34:44 cu-cs-vm kernel: [    0.000000] SRAT: PXM 0 -> APIC 0x9a -> Node 0
Jun  6 16:34:44 cu-cs-vm kernel: [    0.000000] SRAT: PXM 0 -> APIC 0x9c -> Node 0
Jun  6 16:34:44 cu-cs-vm kernel: [    0.000000] SRAT: PXM 0 -> APIC 0x9e -> Node 0
Jun  6 16:34:44 cu-cs-vm systemd[1]: Listening on Avahi mDNS/DNS-SD Stack Activation Socket.
Jun  6 16:34:44 cu-cs-vm kernel: [    0.000000] SRAT: PXM 0 -> APIC 0xa0 -> Node 0
Jun  6 16:34:44 cu-cs-vm kernel: [    0.000000] SRAT: PXM 0 -> APIC 0xa2 -> Node 0
Jun  6 16:34:44 cu-cs-vm kernel: [    0.000000] SRAT: PXM 0 -> APIC 0xa4 -> Node 0
Jun  6 16:34:44 cu-cs-vm kernel: [    0.000000] SRAT: PXM 0 -> APIC 0xa6 -> Node 0
Jun  6 16:34:44 cu-cs-vm kernel: [    0.000000] SRAT: PXM 0 -> APIC 0xa8 -> Node 0
Jun  6 16:34:44 cu-cs-vm systemd[1]: Started ACPI Events Check.
Jun  6 16:34:44 cu-cs-vm kernel: [    0.000000] SRAT: PXM 0 -> APIC 0xaa -> Node 0
Jun  6 16:34:44 cu-cs-vm kernel: [    0.000000] SRAT: PXM 0 -> APIC 0xac -> Node 0
Jun  6 16:34:44 cu-cs-vm kernel: [    0.000000] SRAT: PXM 0 -> APIC 0xae -> Node 0
Jun  6 16:34:44 cu-cs-vm systemd[1]: Reached target Paths.
Jun  6 16:34:44 cu-cs-vm kernel: [    0.000000] SRAT: PXM 0 -> APIC 0xb0 -> Node 0
Jun  6 16:34:44 cu-cs-vm kernel: [    0.000000] SRAT: PXM 0 -> APIC 0xb2 -> Node 0
Jun  6 16:34:44 cu-cs-vm kernel: [    0.000000] SRAT: PXM 0 -> APIC 0xb4 -> Node 0
Jun  6 16:34:44 cu-cs-vm kernel: [    0.000000] SRAT: PXM 0 -> APIC 0xb6 -> Node 0
Jun  6 16:34:44 cu-cs-vm systemd[1]: Listening on D-Bus System Message Bus Socket.
Jun  6 16:34:44 cu-cs-vm systemd[1]: Started Daily apt upgrade and clean activities.
Jun  6 16:34:44 cu-cs-vm kernel: [    0.000000] SRAT: PXM 0 -> APIC 0xb8 -> Node 0
Jun  6 16:34:44 cu-cs-vm kernel: [    0.000000] SRAT: PXM 0 -> APIC 0xba -> Node 0
Jun  6 16:34:44 cu-cs-vm systemd[1]: Reached target Timers.
Jun  6 16:34:44 cu-cs-vm kernel: [    0.000000] SRAT: PXM 0 -> APIC 0xbc -> Node 0
Jun  6 16:34:44 cu-cs-vm systemd[1]: Listening on CUPS Scheduler.
Jun  6 16:34:44 cu-cs-vm kernel: [    0.000000] SRAT: PXM 0 -> APIC 0xbe -> Node 0
Jun  6 16:34:44 cu-cs-vm kernel: [    0.000000] SRAT: PXM 0 -> APIC 0xc0 -> Node 0
Jun  6 16:34:44 cu-cs-vm systemd[1]: Listening on Socket activation for snappy daemon.
Jun  6 16:34:44 cu-cs-vm kernel: [    0.000000] SRAT: PXM 0 -> APIC 0xc2 -> Node 0
Jun  6 16:34:44 cu-cs-vm systemd[1]: Reached target Sockets.
Jun  6 16:34:44 cu-cs-vm kernel: [    0.000000] SRAT: PXM 0 -> APIC 0xc4 -> Node 0
Jun  6 16:34:44 cu-cs-vm kernel: [    0.000000] SRAT: PXM 0 -> APIC 0xc6 -> Node 0
Jun  6 16:34:44 cu-cs-vm kernel: [    0.000000] SRAT: PXM 0 -> APIC 0xc8 -> Node 0
Jun  6 16:34:44 cu-cs-vm kernel: [    0.000000] SRAT: PXM 0 -> APIC 0xca -> Node 0
Jun  6 16:34:44 cu-cs-vm systemd[1]: Reached target Basic System.
Jun  6 16:34:44 cu-cs-vm systemd[1]: Starting Thermal Daemon Service...
Jun  6 16:34:44 cu-cs-vm kernel: [    0.000000] SRAT: PXM 0 -> APIC 0xcc -> Node 0
Jun  6 16:34:44 cu-cs-vm kernel: [    0.000000] SRAT: PXM 0 -> APIC 0xce -> Node 0
Jun  6 16:34:44 cu-cs-vm systemd[1]: Starting LSB: Set the CPU Frequency Scaling governor to "ondemand"...
Jun  6 16:34:44 cu-cs-vm kernel: [    0.000000] SRAT: PXM 0 -> APIC 0xd0 -> Node 0
Jun  6 16:34:44 cu-cs-vm systemd[1]: Starting Avahi mDNS/DNS-SD Stack...
Jun  6 16:34:44 cu-cs-vm kernel: [    0.000000] SRAT: PXM 0 -> APIC 0xd2 -> Node 0
Jun  6 16:34:44 cu-cs-vm kernel: [    0.000000] SRAT: PXM 0 -> APIC 0xd4 -> Node 0
Jun  6 16:34:44 cu-cs-vm kernel: [    0.000000] SRAT: PXM 0 -> APIC 0xd6 -> Node 0
Jun  6 16:34:44 cu-cs-vm kernel: [    0.000000] SRAT: PXM 0 -> APIC 0xd8 -> Node 0
Jun  6 16:34:44 cu-cs-vm avahi-daemon[796]: Found user 'avahi' (UID 111) and group 'avahi' (GID 120).
Jun  6 16:34:44 cu-cs-vm avahi-daemon[796]: Successfully dropped root privileges.
Jun  6 16:34:44 cu-cs-vm kernel: [    0.000000] SRAT: PXM 0 -> APIC 0xda -> Node 0
Jun  6 16:34:44 cu-cs-vm kernel: [    0.000000] SRAT: PXM 0 -> APIC 0xdc -> Node 0
Jun  6 16:34:44 cu-cs-vm kernel: [    0.000000] SRAT: PXM 0 -> APIC 0xde -> Node 0
Jun  6 16:34:44 cu-cs-vm kernel: [    0.000000] SRAT: PXM 0 -> APIC 0xe0 -> Node 0
Jun  6 16:34:44 cu-cs-vm kernel: [    0.000000] SRAT: PXM 0 -> APIC 0xe2 -> Node 0
Jun  6 16:34:44 cu-cs-vm kernel: [    0.000000] SRAT: PXM 0 -> APIC 0xe4 -> Node 0
Jun  6 16:34:44 cu-cs-vm avahi-daemon[796]: avahi-daemon 0.6.32-rc starting up.
Jun  6 16:34:44 cu-cs-vm kernel: [    0.000000] SRAT: PXM 0 -> APIC 0xe6 -> Node 0
Jun  6 16:34:44 cu-cs-vm kernel: [    0.000000] SRAT: PXM 0 -> APIC 0xe8 -> Node 0
Jun  6 16:34:44 cu-cs-vm kernel: [    0.000000] SRAT: PXM 0 -> APIC 0xea -> Node 0
Jun  6 16:34:44 cu-cs-vm kernel: [    0.000000] SRAT: PXM 0 -> APIC 0xec -> Node 0
Jun  6 16:34:44 cu-cs-vm kernel: [    0.000000] SRAT: PXM 0 -> APIC 0xee -> Node 0
Jun  6 16:34:44 cu-cs-vm kernel: [    0.000000] SRAT: PXM 0 -> APIC 0xf0 -> Node 0
Jun  6 16:34:44 cu-cs-vm systemd[1]: Started Regular background program processing daemon.
Jun  6 16:34:44 cu-cs-vm kernel: [    0.000000] SRAT: PXM 0 -> APIC 0xf2 -> Node 0
Jun  6 16:34:44 cu-cs-vm systemd[1]: Started Authentication service for virtual machines hosted on VMware.
Jun  6 16:34:44 cu-cs-vm kernel: [    0.000000] SRAT: PXM 0 -> APIC 0xf4 -> Node 0
Jun  6 16:34:44 cu-cs-vm kernel: [    0.000000] SRAT: PXM 0 -> APIC 0xf6 -> Node 0
Jun  6 16:34:44 cu-cs-vm kernel: [    0.000000] SRAT: PXM 0 -> APIC 0xf8 -> Node 0
Jun  6 16:34:44 cu-cs-vm kernel: [    0.000000] SRAT: PXM 0 -> APIC 0xfa -> Node 0
Jun  6 16:34:44 cu-cs-vm kernel: [    0.000000] SRAT: PXM 0 -> APIC 0xfc -> Node 0
Jun  6 16:34:44 cu-cs-vm systemd[1]: Starting LSB: daemon to balance interrupts for SMP systems...
Jun  6 16:34:44 cu-cs-vm systemd[1]: Starting Detect the available GPUs and deal with any system changes...
Jun  6 16:34:44 cu-cs-vm kernel: [    0.000000] SRAT: PXM 0 -> APIC 0xfe -> Node 0
Jun  6 16:34:44 cu-cs-vm kernel: [    0.000000] ACPI: SRAT: Node 0 PXM 0 [mem 0x00000000-0x0009ffff]
Jun  6 16:34:44 cu-cs-vm kernel: [    0.000000] ACPI: SRAT: Node 0 PXM 0 [mem 0x00100000-0xbfffffff]
Jun  6 16:34:44 cu-cs-vm kernel: [    0.000000] ACPI: SRAT: Node 0 PXM 0 [mem 0x100000000-0x13fffffff]
Jun  6 16:34:44 cu-cs-vm kernel: [    0.000000] ACPI: SRAT: Node 0 PXM 0 [mem 0x140000000-0x103fffffff] hotplug
Jun  6 16:34:44 cu-cs-vm kernel: [    0.000000] NUMA: Node 0 [mem 0x00000000-0x0009ffff] + [mem 0x00100000-0xbfffffff] -> [mem 0x00000000-0xbfffffff]
Jun  6 16:34:44 cu-cs-vm kernel: [    0.000000] NUMA: Node 0 [mem 0x00000000-0xbfffffff] + [mem 0x100000000-0x13fffffff] -> [mem 0x00000000-0x13fffffff]
Jun  6 16:34:44 cu-cs-vm kernel: [    0.000000] NODE_DATA(0) allocated [mem 0x13ffd3000-0x13fffdfff]
Jun  6 16:34:44 cu-cs-vm kernel: [    0.000000] Zone ranges:
Jun  6 16:34:44 cu-cs-vm kernel: [    0.000000]   DMA      [mem 0x0000000000001000-0x0000000000ffffff]
Jun  6 16:34:44 cu-cs-vm kernel: [    0.000000]   DMA32    [mem 0x0000000001000000-0x00000000ffffffff]
Jun  6 16:34:44 cu-cs-vm kernel: [    0.000000]   Normal   [mem 0x0000000100000000-0x000000013fffffff]
Jun  6 16:34:44 cu-cs-vm kernel: [    0.000000]   Device   empty
Jun  6 16:34:44 cu-cs-vm kernel: [    0.000000] Movable zone start for each node
Jun  6 16:34:44 cu-cs-vm kernel: [    0.000000] Early memory node ranges
Jun  6 16:34:44 cu-cs-vm kernel: [    0.000000]   node   0: [mem 0x0000000000001000-0x000000000009dfff]
Jun  6 16:34:44 cu-cs-vm kernel: [    0.000000]   node   0: [mem 0x0000000000100000-0x00000000bfecffff]
Jun  6 16:34:44 cu-cs-vm kernel: [    0.000000]   node   0: [mem 0x00000000bff00000-0x00000000bfffffff]
Jun  6 16:34:44 cu-cs-vm kernel: [    0.000000]   node   0: [mem 0x0000000100000000-0x000000013fffffff]
Jun  6 16:34:44 cu-cs-vm kernel: [    0.000000] Reserved but unavailable: 99 pages
Jun  6 16:34:44 cu-cs-vm kernel: [    0.000000] Initmem setup node 0 [mem 0x0000000000001000-0x000000013fffffff]
Jun  6 16:34:44 cu-cs-vm kernel: [    0.000000] On node 0 totalpages: 1048429
Jun  6 16:34:44 cu-cs-vm kernel: [    0.000000]   DMA zone: 64 pages used for memmap
Jun  6 16:34:44 cu-cs-vm systemd[1]: Starting LSB: Record successful boot for GRUB...
Jun  6 16:34:44 cu-cs-vm systemd[1]: Starting LSB: Execute the kexec -e command to reboot system...
Jun  6 16:34:44 cu-cs-vm kernel: [    0.000000]   DMA zone: 21 pages reserved
Jun  6 16:34:44 cu-cs-vm systemd[1]: Started ACPI event daemon.
Jun  6 16:34:44 cu-cs-vm kernel: [    0.000000]   DMA zone: 3997 pages, LIFO batch:0
Jun  6 16:34:44 cu-cs-vm kernel: [    0.000000]   DMA32 zone: 12224 pages used for memmap
Jun  6 16:34:44 cu-cs-vm kernel: [    0.000000]   DMA32 zone: 782288 pages, LIFO batch:31
Jun  6 16:34:44 cu-cs-vm kernel: [    0.000000]   Normal zone: 4096 pages used for memmap
Jun  6 16:34:44 cu-cs-vm kernel: [    0.000000]   Normal zone: 262144 pages, LIFO batch:31
Jun  6 16:34:44 cu-cs-vm systemd[1]: Started uptime record daemon.
Jun  6 16:34:44 cu-cs-vm kernel: [    0.000000] ACPI: PM-Timer IO Port: 0x1008
Jun  6 16:34:44 cu-cs-vm kernel: [    0.000000] ACPI: Local APIC address 0xfee00000
Jun  6 16:34:44 cu-cs-vm systemd[1]: Starting Restore /etc/resolv.conf if the system crashed before the ppp link was shut down...
Jun  6 16:34:44 cu-cs-vm kernel: [    0.000000] system APIC only can use physical flat
Jun  6 16:34:44 cu-cs-vm kernel: [    0.000000] ACPI: LAPIC_NMI (acpi_id[0x00] high edge lint[0x1])
Jun  6 16:34:44 cu-cs-vm kernel: [    0.000000] ACPI: LAPIC_NMI (acpi_id[0x01] high edge lint[0x1])
Jun  6 16:34:44 cu-cs-vm systemd[1]: Starting LSB: Speech Dispatcher...
Jun  6 16:34:44 cu-cs-vm kernel: [    0.000000] ACPI: LAPIC_NMI (acpi_id[0x02] high edge lint[0x1])
Jun  6 16:34:44 cu-cs-vm kernel: [    0.000000] ACPI: LAPIC_NMI (acpi_id[0x03] high edge lint[0x1])
Jun  6 16:34:44 cu-cs-vm kernel: [    0.000000] ACPI: LAPIC_NMI (acpi_id[0x04] high edge lint[0x1])
Jun  6 16:34:44 cu-cs-vm kernel: [    0.000000] ACPI: LAPIC_NMI (acpi_id[0x05] high edge lint[0x1])
Jun  6 16:34:44 cu-cs-vm kernel: [    0.000000] ACPI: LAPIC_NMI (acpi_id[0x06] high edge lint[0x1])
Jun  6 16:34:44 cu-cs-vm systemd[1]: Starting System Logging Service...
Jun  6 16:34:44 cu-cs-vm kernel: [    0.000000] ACPI: LAPIC_NMI (acpi_id[0x07] high edge lint[0x1])
Jun  6 16:34:44 cu-cs-vm kernel: [    0.000000] ACPI: LAPIC_NMI (acpi_id[0x08] high edge lint[0x1])
Jun  6 16:34:44 cu-cs-vm systemd[1]: Started D-Bus System Message Bus.
Jun  6 16:34:44 cu-cs-vm kernel: [    0.000000] ACPI: LAPIC_NMI (acpi_id[0x09] high edge lint[0x1])
Jun  6 16:34:44 cu-cs-vm kernel: [    0.000000] ACPI: LAPIC_NMI (acpi_id[0x0a] high edge lint[0x1])
Jun  6 16:34:44 cu-cs-vm kernel: [    0.000000] ACPI: LAPIC_NMI (acpi_id[0x0b] high edge lint[0x1])
Jun  6 16:34:44 cu-cs-vm kernel: [    0.000000] ACPI: LAPIC_NMI (acpi_id[0x0c] high edge lint[0x1])
Jun  6 16:34:44 cu-cs-vm kernel: [    0.000000] ACPI: LAPIC_NMI (acpi_id[0x0d] high edge lint[0x1])
Jun  6 16:34:44 cu-cs-vm kernel: [    0.000000] ACPI: LAPIC_NMI (acpi_id[0x0e] high edge lint[0x1])
Jun  6 16:34:44 cu-cs-vm cron[801]: (CRON) INFO (pidfile fd = 3)
Jun  6 16:34:44 cu-cs-vm kernel: [    0.000000] ACPI: LAPIC_NMI (acpi_id[0x0f] high edge lint[0x1])
Jun  6 16:34:44 cu-cs-vm kernel: [    0.000000] ACPI: LAPIC_NMI (acpi_id[0x10] high edge lint[0x1])
Jun  6 16:34:44 cu-cs-vm kernel: [    0.000000] ACPI: LAPIC_NMI (acpi_id[0x11] high edge lint[0x1])
Jun  6 16:34:44 cu-cs-vm kernel: [    0.000000] ACPI: LAPIC_NMI (acpi_id[0x12] high edge lint[0x1])
Jun  6 16:34:44 cu-cs-vm kernel: [    0.000000] ACPI: LAPIC_NMI (acpi_id[0x13] high edge lint[0x1])
Jun  6 16:34:44 cu-cs-vm gpu-manager[804]: /etc/modprobe.d is not a file
Jun  6 16:34:44 cu-cs-vm kernel: [    0.000000] ACPI: LAPIC_NMI (acpi_id[0x14] high edge lint[0x1])
Jun  6 16:34:44 cu-cs-vm kernel: [    0.000000] ACPI: LAPIC_NMI (acpi_id[0x15] high edge lint[0x1])
Jun  6 16:34:44 cu-cs-vm kernel: [    0.000000] ACPI: LAPIC_NMI (acpi_id[0x16] high edge lint[0x1])
Jun  6 16:34:44 cu-cs-vm kernel: [    0.000000] ACPI: LAPIC_NMI (acpi_id[0x17] high edge lint[0x1])
Jun  6 16:34:44 cu-cs-vm kernel: [    0.000000] ACPI: LAPIC_NMI (acpi_id[0x18] high edge lint[0x1])
Jun  6 16:34:44 cu-cs-vm kernel: [    0.000000] ACPI: LAPIC_NMI (acpi_id[0x19] high edge lint[0x1])
Jun  6 16:34:44 cu-cs-vm gpu-manager[804]: message repeated 4 times: [ /etc/modprobe.d is not a file]
Jun  6 16:34:44 cu-cs-vm gpu-manager[804]: Error: can't open /lib/modules/4.15.18revision1/updates/dkms
Jun  6 16:34:44 cu-cs-vm gpu-manager[804]: Error: can't open /lib/modules/4.15.18revision1/updates/dkms
Jun  6 16:34:44 cu-cs-vm VGAuthService[802]: ** Message: Pref_Init: Using '/etc/vmware-tools/vgauth.conf' as preferences filepath
Jun  6 16:34:44 cu-cs-vm cron[801]: (CRON) INFO (Running @reboot jobs)
Jun  6 16:34:44 cu-cs-vm VGAuthService[802]: ** Message: Core dump limit set to -1
Jun  6 16:34:44 cu-cs-vm kernel: [    0.000000] ACPI: LAPIC_NMI (acpi_id[0x1a] high edge lint[0x1])
Jun  6 16:34:44 cu-cs-vm kernel: [    0.000000] ACPI: LAPIC_NMI (acpi_id[0x1b] high edge lint[0x1])
Jun  6 16:34:44 cu-cs-vm VGAuthService[802]: ** Message: Cannot load message catalog for domain 'VGAuthService', language 'C', catalog dir '.'.
Jun  6 16:34:44 cu-cs-vm kernel: [    0.000000] ACPI: LAPIC_NMI (acpi_id[0x1c] high edge lint[0x1])
Jun  6 16:34:44 cu-cs-vm kernel: [    0.000000] ACPI: LAPIC_NMI (acpi_id[0x1d] high edge lint[0x1])
Jun  6 16:34:44 cu-cs-vm kernel: [    0.000000] ACPI: LAPIC_NMI (acpi_id[0x1e] high edge lint[0x1])
Jun  6 16:34:44 cu-cs-vm kernel: [    0.000000] ACPI: LAPIC_NMI (acpi_id[0x1f] high edge lint[0x1])
Jun  6 16:34:44 cu-cs-vm kernel: [    0.000000] ACPI: LAPIC_NMI (acpi_id[0x20] high edge lint[0x1])
Jun  6 16:34:44 cu-cs-vm kernel: [    0.000000] ACPI: LAPIC_NMI (acpi_id[0x21] high edge lint[0x1])
Jun  6 16:34:44 cu-cs-vm kernel: [    0.000000] ACPI: LAPIC_NMI (acpi_id[0x22] high edge lint[0x1])
Jun  6 16:34:44 cu-cs-vm kernel: [    0.000000] ACPI: LAPIC_NMI (acpi_id[0x23] high edge lint[0x1])
Jun  6 16:34:44 cu-cs-vm kernel: [    0.000000] ACPI: LAPIC_NMI (acpi_id[0x24] high edge lint[0x1])
Jun  6 16:34:44 cu-cs-vm VGAuthService[802]: ** Message: INIT SERVICE
Jun  6 16:34:44 cu-cs-vm kernel: [    0.000000] ACPI: LAPIC_NMI (acpi_id[0x25] high edge lint[0x1])
Jun  6 16:34:44 cu-cs-vm VGAuthService[802]: ** Message: Using '/var/lib/vmware/VGAuth/aliasStore' for alias store root directory
Jun  6 16:34:44 cu-cs-vm kernel: [    0.000000] ACPI: LAPIC_NMI (acpi_id[0x26] high edge lint[0x1])
Jun  6 16:34:44 cu-cs-vm kernel: [    0.000000] ACPI: LAPIC_NMI (acpi_id[0x27] high edge lint[0x1])
Jun  6 16:34:44 cu-cs-vm kernel: [    0.000000] ACPI: LAPIC_NMI (acpi_id[0x28] high edge lint[0x1])
Jun  6 16:34:44 cu-cs-vm kernel: [    0.000000] ACPI: LAPIC_NMI (acpi_id[0x29] high edge lint[0x1])
Jun  6 16:34:44 cu-cs-vm kernel: [    0.000000] ACPI: LAPIC_NMI (acpi_id[0x2a] high edge lint[0x1])
Jun  6 16:34:44 cu-cs-vm VGAuthService[802]: ** Message: LoadCatalogAndSchema: Using '/etc/vmware-tools/vgauth/schemas' for SAML schemas
Jun  6 16:34:44 cu-cs-vm kernel: [    0.000000] ACPI: LAPIC_NMI (acpi_id[0x2b] high edge lint[0x1])
Jun  6 16:34:44 cu-cs-vm kernel: [    0.000000] ACPI: LAPIC_NMI (acpi_id[0x2c] high edge lint[0x1])
Jun  6 16:34:44 cu-cs-vm kernel: [    0.000000] ACPI: LAPIC_NMI (acpi_id[0x2d] high edge lint[0x1])
Jun  6 16:34:44 cu-cs-vm kernel: [    0.000000] ACPI: LAPIC_NMI (acpi_id[0x2e] high edge lint[0x1])
Jun  6 16:34:44 cu-cs-vm kernel: [    0.000000] ACPI: LAPIC_NMI (acpi_id[0x2f] high edge lint[0x1])
Jun  6 16:34:44 cu-cs-vm kernel: [    0.000000] ACPI: LAPIC_NMI (acpi_id[0x30] high edge lint[0x1])
Jun  6 16:34:44 cu-cs-vm kernel: [    0.000000] ACPI: LAPIC_NMI (acpi_id[0x31] high edge lint[0x1])
Jun  6 16:34:44 cu-cs-vm kernel: [    0.000000] ACPI: LAPIC_NMI (acpi_id[0x32] high edge lint[0x1])
Jun  6 16:34:44 cu-cs-vm kernel: [    0.000000] ACPI: LAPIC_NMI (acpi_id[0x33] high edge lint[0x1])
Jun  6 16:34:44 cu-cs-vm kernel: [    0.000000] ACPI: LAPIC_NMI (acpi_id[0x34] high edge lint[0x1])
Jun  6 16:34:44 cu-cs-vm kernel: [    0.000000] ACPI: LAPIC_NMI (acpi_id[0x35] high edge lint[0x1])
Jun  6 16:34:44 cu-cs-vm kernel: [    0.000000] ACPI: LAPIC_NMI (acpi_id[0x36] high edge lint[0x1])
Jun  6 16:34:44 cu-cs-vm kernel: [    0.000000] ACPI: LAPIC_NMI (acpi_id[0x37] high edge lint[0x1])
Jun  6 16:34:44 cu-cs-vm kernel: [    0.000000] ACPI: LAPIC_NMI (acpi_id[0x38] high edge lint[0x1])
Jun  6 16:34:44 cu-cs-vm kernel: [    0.000000] ACPI: LAPIC_NMI (acpi_id[0x39] high edge lint[0x1])
Jun  6 16:34:44 cu-cs-vm kernel: [    0.000000] ACPI: LAPIC_NMI (acpi_id[0x3a] high edge lint[0x1])
Jun  6 16:34:44 cu-cs-vm kernel: [    0.000000] ACPI: LAPIC_NMI (acpi_id[0x3b] high edge lint[0x1])
Jun  6 16:34:44 cu-cs-vm kernel: [    0.000000] ACPI: LAPIC_NMI (acpi_id[0x3c] high edge lint[0x1])
Jun  6 16:34:44 cu-cs-vm kernel: [    0.000000] ACPI: LAPIC_NMI (acpi_id[0x3d] high edge lint[0x1])
Jun  6 16:34:44 cu-cs-vm kernel: [    0.000000] ACPI: LAPIC_NMI (acpi_id[0x3e] high edge lint[0x1])
Jun  6 16:34:44 cu-cs-vm kernel: [    0.000000] ACPI: LAPIC_NMI (acpi_id[0x3f] high edge lint[0x1])
Jun  6 16:34:44 cu-cs-vm kernel: [    0.000000] ACPI: LAPIC_NMI (acpi_id[0x40] high edge lint[0x1])
Jun  6 16:34:44 cu-cs-vm kernel: [    0.000000] ACPI: LAPIC_NMI (acpi_id[0x41] high edge lint[0x1])
Jun  6 16:34:44 cu-cs-vm kernel: [    0.000000] ACPI: LAPIC_NMI (acpi_id[0x42] high edge lint[0x1])
Jun  6 16:34:44 cu-cs-vm kernel: [    0.000000] ACPI: LAPIC_NMI (acpi_id[0x43] high edge lint[0x1])
Jun  6 16:34:44 cu-cs-vm kernel: [    0.000000] ACPI: LAPIC_NMI (acpi_id[0x44] high edge lint[0x1])
Jun  6 16:34:44 cu-cs-vm kernel: [    0.000000] ACPI: LAPIC_NMI (acpi_id[0x45] high edge lint[0x1])
Jun  6 16:34:44 cu-cs-vm kernel: [    0.000000] ACPI: LAPIC_NMI (acpi_id[0x46] high edge lint[0x1])
Jun  6 16:34:44 cu-cs-vm kernel: [    0.000000] ACPI: LAPIC_NMI (acpi_id[0x47] high edge lint[0x1])
Jun  6 16:34:44 cu-cs-vm kernel: [    0.000000] ACPI: LAPIC_NMI (acpi_id[0x48] high edge lint[0x1])
Jun  6 16:34:44 cu-cs-vm kernel: [    0.000000] ACPI: LAPIC_NMI (acpi_id[0x49] high edge lint[0x1])
Jun  6 16:34:44 cu-cs-vm kernel: [    0.000000] ACPI: LAPIC_NMI (acpi_id[0x4a] high edge lint[0x1])
Jun  6 16:34:44 cu-cs-vm kernel: [    0.000000] ACPI: LAPIC_NMI (acpi_id[0x4b] high edge lint[0x1])
Jun  6 16:34:44 cu-cs-vm kernel: [    0.000000] ACPI: LAPIC_NMI (acpi_id[0x4c] high edge lint[0x1])
Jun  6 16:34:44 cu-cs-vm kernel: [    0.000000] ACPI: LAPIC_NMI (acpi_id[0x4d] high edge lint[0x1])
Jun  6 16:34:44 cu-cs-vm kernel: [    0.000000] ACPI: LAPIC_NMI (acpi_id[0x4e] high edge lint[0x1])
Jun  6 16:34:44 cu-cs-vm kernel: [    0.000000] ACPI: LAPIC_NMI (acpi_id[0x4f] high edge lint[0x1])
Jun  6 16:34:44 cu-cs-vm kernel: [    0.000000] ACPI: LAPIC_NMI (acpi_id[0x50] high edge lint[0x1])
Jun  6 16:34:44 cu-cs-vm kernel: [    0.000000] ACPI: LAPIC_NMI (acpi_id[0x51] high edge lint[0x1])
Jun  6 16:34:44 cu-cs-vm kernel: [    0.000000] ACPI: LAPIC_NMI (acpi_id[0x52] high edge lint[0x1])
Jun  6 16:34:44 cu-cs-vm kernel: [    0.000000] ACPI: LAPIC_NMI (acpi_id[0x53] high edge lint[0x1])
Jun  6 16:34:44 cu-cs-vm kernel: [    0.000000] ACPI: LAPIC_NMI (acpi_id[0x54] high edge lint[0x1])
Jun  6 16:34:44 cu-cs-vm kernel: [    0.000000] ACPI: LAPIC_NMI (acpi_id[0x55] high edge lint[0x1])
Jun  6 16:34:44 cu-cs-vm kernel: [    0.000000] ACPI: LAPIC_NMI (acpi_id[0x56] high edge lint[0x1])
Jun  6 16:34:44 cu-cs-vm kernel: [    0.000000] ACPI: LAPIC_NMI (acpi_id[0x57] high edge lint[0x1])
Jun  6 16:34:44 cu-cs-vm kernel: [    0.000000] ACPI: LAPIC_NMI (acpi_id[0x58] high edge lint[0x1])
Jun  6 16:34:44 cu-cs-vm kernel: [    0.000000] ACPI: LAPIC_NMI (acpi_id[0x59] high edge lint[0x1])
Jun  6 16:34:44 cu-cs-vm kernel: [    0.000000] ACPI: LAPIC_NMI (acpi_id[0x5a] high edge lint[0x1])
Jun  6 16:34:44 cu-cs-vm kernel: [    0.000000] ACPI: LAPIC_NMI (acpi_id[0x5b] high edge lint[0x1])
Jun  6 16:34:44 cu-cs-vm kernel: [    0.000000] ACPI: LAPIC_NMI (acpi_id[0x5c] high edge lint[0x1])
Jun  6 16:34:44 cu-cs-vm kernel: [    0.000000] ACPI: LAPIC_NMI (acpi_id[0x5d] high edge lint[0x1])
Jun  6 16:34:44 cu-cs-vm kernel: [    0.000000] ACPI: LAPIC_NMI (acpi_id[0x5e] high edge lint[0x1])
Jun  6 16:34:44 cu-cs-vm kernel: [    0.000000] ACPI: LAPIC_NMI (acpi_id[0x5f] high edge lint[0x1])
Jun  6 16:34:44 cu-cs-vm kernel: [    0.000000] ACPI: LAPIC_NMI (acpi_id[0x60] high edge lint[0x1])
Jun  6 16:34:44 cu-cs-vm kernel: [    0.000000] ACPI: LAPIC_NMI (acpi_id[0x61] high edge lint[0x1])
Jun  6 16:34:44 cu-cs-vm kernel: [    0.000000] ACPI: LAPIC_NMI (acpi_id[0x62] high edge lint[0x1])
Jun  6 16:34:44 cu-cs-vm kernel: [    0.000000] ACPI: LAPIC_NMI (acpi_id[0x63] high edge lint[0x1])
Jun  6 16:34:44 cu-cs-vm kernel: [    0.000000] ACPI: LAPIC_NMI (acpi_id[0x64] high edge lint[0x1])
Jun  6 16:34:44 cu-cs-vm kernel: [    0.000000] ACPI: LAPIC_NMI (acpi_id[0x65] high edge lint[0x1])
Jun  6 16:34:44 cu-cs-vm kernel: [    0.000000] ACPI: LAPIC_NMI (acpi_id[0x66] high edge lint[0x1])
Jun  6 16:34:44 cu-cs-vm kernel: [    0.000000] ACPI: LAPIC_NMI (acpi_id[0x67] high edge lint[0x1])
Jun  6 16:34:44 cu-cs-vm kernel: [    0.000000] ACPI: LAPIC_NMI (acpi_id[0x68] high edge lint[0x1])
Jun  6 16:34:44 cu-cs-vm kernel: [    0.000000] ACPI: LAPIC_NMI (acpi_id[0x69] high edge lint[0x1])
Jun  6 16:34:44 cu-cs-vm kernel: [    0.000000] ACPI: LAPIC_NMI (acpi_id[0x6a] high edge lint[0x1])
Jun  6 16:34:44 cu-cs-vm kernel: [    0.000000] ACPI: LAPIC_NMI (acpi_id[0x6b] high edge lint[0x1])
Jun  6 16:34:44 cu-cs-vm kernel: [    0.000000] ACPI: LAPIC_NMI (acpi_id[0x6c] high edge lint[0x1])
Jun  6 16:34:44 cu-cs-vm kernel: [    0.000000] ACPI: LAPIC_NMI (acpi_id[0x6d] high edge lint[0x1])
Jun  6 16:34:44 cu-cs-vm kernel: [    0.000000] ACPI: LAPIC_NMI (acpi_id[0x6e] high edge lint[0x1])
Jun  6 16:34:44 cu-cs-vm kernel: [    0.000000] ACPI: LAPIC_NMI (acpi_id[0x6f] high edge lint[0x1])
Jun  6 16:34:44 cu-cs-vm kernel: [    0.000000] ACPI: LAPIC_NMI (acpi_id[0x70] high edge lint[0x1])
Jun  6 16:34:44 cu-cs-vm kernel: [    0.000000] ACPI: LAPIC_NMI (acpi_id[0x71] high edge lint[0x1])
Jun  6 16:34:44 cu-cs-vm kernel: [    0.000000] ACPI: LAPIC_NMI (acpi_id[0x72] high edge lint[0x1])
Jun  6 16:34:44 cu-cs-vm kernel: [    0.000000] ACPI: LAPIC_NMI (acpi_id[0x73] high edge lint[0x1])
Jun  6 16:34:44 cu-cs-vm kernel: [    0.000000] ACPI: LAPIC_NMI (acpi_id[0x74] high edge lint[0x1])
Jun  6 16:34:44 cu-cs-vm kernel: [    0.000000] ACPI: LAPIC_NMI (acpi_id[0x75] high edge lint[0x1])
Jun  6 16:34:44 cu-cs-vm kernel: [    0.000000] ACPI: LAPIC_NMI (acpi_id[0x76] high edge lint[0x1])
Jun  6 16:34:44 cu-cs-vm kernel: [    0.000000] ACPI: LAPIC_NMI (acpi_id[0x77] high edge lint[0x1])
Jun  6 16:34:44 cu-cs-vm kernel: [    0.000000] ACPI: LAPIC_NMI (acpi_id[0x78] high edge lint[0x1])
Jun  6 16:34:44 cu-cs-vm kernel: [    0.000000] ACPI: LAPIC_NMI (acpi_id[0x79] high edge lint[0x1])
Jun  6 16:34:44 cu-cs-vm kernel: [    0.000000] ACPI: LAPIC_NMI (acpi_id[0x7a] high edge lint[0x1])
Jun  6 16:34:44 cu-cs-vm kernel: [    0.000000] ACPI: LAPIC_NMI (acpi_id[0x7b] high edge lint[0x1])
Jun  6 16:34:44 cu-cs-vm kernel: [    0.000000] ACPI: LAPIC_NMI (acpi_id[0x7c] high edge lint[0x1])
Jun  6 16:34:44 cu-cs-vm kernel: [    0.000000] ACPI: LAPIC_NMI (acpi_id[0x7d] high edge lint[0x1])
Jun  6 16:34:44 cu-cs-vm kernel: [    0.000000] ACPI: LAPIC_NMI (acpi_id[0x7e] high edge lint[0x1])
Jun  6 16:34:44 cu-cs-vm kernel: [    0.000000] ACPI: LAPIC_NMI (acpi_id[0x7f] high edge lint[0x1])
Jun  6 16:34:44 cu-cs-vm kernel: [    0.000000] IOAPIC[0]: apic_id 1, version 17, address 0xfec00000, GSI 0-23
Jun  6 16:34:44 cu-cs-vm kernel: [    0.000000] ACPI: INT_SRC_OVR (bus 0 bus_irq 0 global_irq 2 high edge)
Jun  6 16:34:44 cu-cs-vm kernel: [    0.000000] ACPI: IRQ0 used by override.
Jun  6 16:34:44 cu-cs-vm kernel: [    0.000000] ACPI: IRQ9 used by override.
Jun  6 16:34:44 cu-cs-vm kernel: [    0.000000] Using ACPI (MADT) for SMP configuration information
Jun  6 16:34:44 cu-cs-vm kernel: [    0.000000] smpboot: Allowing 128 CPUs, 124 hotplug CPUs
Jun  6 16:34:44 cu-cs-vm kernel: [    0.000000] PM: Registered nosave memory: [mem 0x00000000-0x00000fff]
Jun  6 16:34:44 cu-cs-vm kernel: [    0.000000] PM: Registered nosave memory: [mem 0x0009e000-0x0009efff]
Jun  6 16:34:44 cu-cs-vm kernel: [    0.000000] PM: Registered nosave memory: [mem 0x0009f000-0x0009ffff]
Jun  6 16:34:44 cu-cs-vm kernel: [    0.000000] PM: Registered nosave memory: [mem 0x000a0000-0x000dbfff]
Jun  6 16:34:44 cu-cs-vm kernel: [    0.000000] PM: Registered nosave memory: [mem 0x000dc000-0x000fffff]
Jun  6 16:34:44 cu-cs-vm kernel: [    0.000000] PM: Registered nosave memory: [mem 0xbfed0000-0xbfefefff]
Jun  6 16:34:44 cu-cs-vm kernel: [    0.000000] PM: Registered nosave memory: [mem 0xbfeff000-0xbfefffff]
Jun  6 16:34:44 cu-cs-vm kernel: [    0.000000] PM: Registered nosave memory: [mem 0xc0000000-0xefffffff]
Jun  6 16:34:44 cu-cs-vm kernel: [    0.000000] PM: Registered nosave memory: [mem 0xf0000000-0xf7ffffff]
Jun  6 16:34:44 cu-cs-vm kernel: [    0.000000] PM: Registered nosave memory: [mem 0xf8000000-0xfebfffff]
Jun  6 16:34:44 cu-cs-vm kernel: [    0.000000] PM: Registered nosave memory: [mem 0xfec00000-0xfec0ffff]
Jun  6 16:34:44 cu-cs-vm kernel: [    0.000000] PM: Registered nosave memory: [mem 0xfec10000-0xfedfffff]
Jun  6 16:34:44 cu-cs-vm kernel: [    0.000000] PM: Registered nosave memory: [mem 0xfee00000-0xfee00fff]
Jun  6 16:34:44 cu-cs-vm kernel: [    0.000000] PM: Registered nosave memory: [mem 0xfee01000-0xfffdffff]
Jun  6 16:34:44 cu-cs-vm kernel: [    0.000000] PM: Registered nosave memory: [mem 0xfffe0000-0xffffffff]
Jun  6 16:34:44 cu-cs-vm kernel: [    0.000000] e820: [mem 0xc0000000-0xefffffff] available for PCI devices
Jun  6 16:34:44 cu-cs-vm kernel: [    0.000000] Booting paravirtualized kernel on VMware hypervisor
Jun  6 16:34:44 cu-cs-vm kernel: [    0.000000] clocksource: refined-jiffies: mask: 0xffffffff max_cycles: 0xffffffff, max_idle_ns: 7645519600211568 ns
Jun  6 16:34:44 cu-cs-vm kernel: [    0.000000] random: get_random_bytes called from start_kernel+0x99/0x51d with crng_init=0
Jun  6 16:34:44 cu-cs-vm kernel: [    0.000000] setup_percpu: NR_CPUS:8192 nr_cpumask_bits:128 nr_cpu_ids:128 nr_node_ids:1
Jun  6 16:34:44 cu-cs-vm kernel: [    0.000000] percpu: Embedded 45 pages/cpu s147456 r8192 d28672 u262144
Jun  6 16:34:44 cu-cs-vm kernel: [    0.000000] pcpu-alloc: s147456 r8192 d28672 u262144 alloc=1*2097152
Jun  6 16:34:44 cu-cs-vm kernel: [    0.000000] pcpu-alloc: [0] 000 001 002 003 004 005 006 007 
Jun  6 16:34:44 cu-cs-vm kernel: [    0.000000] pcpu-alloc: [0] 008 009 010 011 012 013 014 015 
Jun  6 16:34:44 cu-cs-vm kernel: [    0.000000] pcpu-alloc: [0] 016 017 018 019 020 021 022 023 
Jun  6 16:34:44 cu-cs-vm kernel: [    0.000000] pcpu-alloc: [0] 024 025 026 027 028 029 030 031 
Jun  6 16:34:44 cu-cs-vm kernel: [    0.000000] pcpu-alloc: [0] 032 033 034 035 036 037 038 039 
Jun  6 16:34:44 cu-cs-vm kernel: [    0.000000] pcpu-alloc: [0] 040 041 042 043 044 045 046 047 
Jun  6 16:34:44 cu-cs-vm kernel: [    0.000000] pcpu-alloc: [0] 048 049 050 051 052 053 054 055 
Jun  6 16:34:44 cu-cs-vm kernel: [    0.000000] pcpu-alloc: [0] 056 057 058 059 060 061 062 063 
Jun  6 16:34:44 cu-cs-vm kernel: [    0.000000] pcpu-alloc: [0] 064 065 066 067 068 069 070 071 
Jun  6 16:34:44 cu-cs-vm kernel: [    0.000000] pcpu-alloc: [0] 072 073 074 075 076 077 078 079 
Jun  6 16:34:44 cu-cs-vm kernel: [    0.000000] pcpu-alloc: [0] 080 081 082 083 084 085 086 087 
Jun  6 16:34:44 cu-cs-vm kernel: [    0.000000] pcpu-alloc: [0] 088 089 090 091 092 093 094 095 
Jun  6 16:34:44 cu-cs-vm kernel: [    0.000000] pcpu-alloc: [0] 096 097 098 099 100 101 102 103 
Jun  6 16:34:44 cu-cs-vm kernel: [    0.000000] pcpu-alloc: [0] 104 105 106 107 108 109 110 111 
Jun  6 16:34:44 cu-cs-vm kernel: [    0.000000] pcpu-alloc: [0] 112 113 114 115 116 117 118 119 
Jun  6 16:34:44 cu-cs-vm kernel: [    0.000000] pcpu-alloc: [0] 120 121 122 123 124 125 126 127 
Jun  6 16:34:44 cu-cs-vm kernel: [    0.000000] Built 1 zonelists, mobility grouping on.  Total pages: 1032024
Jun  6 16:34:44 cu-cs-vm kernel: [    0.000000] Policy zone: Normal
Jun  6 16:34:44 cu-cs-vm kernel: [    0.000000] Kernel command line: BOOT_IMAGE=/boot/vmlinuz-4.15.18revision1 root=UUID=a7adc8c1-e02a-478b-93ad-c06e060e0176 ro
Jun  6 16:34:44 cu-cs-vm kernel: [    0.000000] log_buf_len individual max cpu contribution: 4096 bytes
Jun  6 16:34:44 cu-cs-vm kernel: [    0.000000] log_buf_len total cpu_extra contributions: 520192 bytes
Jun  6 16:34:44 cu-cs-vm kernel: [    0.000000] log_buf_len min size: 262144 bytes
Jun  6 16:34:44 cu-cs-vm kernel: [    0.000000] log_buf_len: 1048576 bytes
Jun  6 16:34:44 cu-cs-vm kernel: [    0.000000] early log buf free: 235876(89%)
Jun  6 16:34:44 cu-cs-vm kernel: [    0.000000] Calgary: detecting Calgary via BIOS EBDA area
Jun  6 16:34:44 cu-cs-vm kernel: [    0.000000] Calgary: Unable to locate Rio Grande table in EBDA - bailing!
Jun  6 16:34:44 cu-cs-vm kernel: [    0.000000] Memory: 3564996K/4193716K available (12300K kernel code, 2480K rwdata, 4140K rodata, 2428K init, 2712K bss, 628720K reserved, 0K cma-reserved)
Jun  6 16:34:44 cu-cs-vm kernel: [    0.000000] SLUB: HWalign=64, Order=0-3, MinObjects=0, CPUs=128, Nodes=1
Jun  6 16:34:44 cu-cs-vm kernel: [    0.000000] Kernel/User page tables isolation: enabled
Jun  6 16:34:44 cu-cs-vm kernel: [    0.000000] ftrace: allocating 39242 entries in 154 pages
Jun  6 16:34:44 cu-cs-vm kernel: [    0.004000] Hierarchical RCU implementation.
Jun  6 16:34:44 cu-cs-vm kernel: [    0.004000] 	RCU restricting CPUs from NR_CPUS=8192 to nr_cpu_ids=128.
Jun  6 16:34:44 cu-cs-vm kernel: [    0.004000] 	Tasks RCU enabled.
Jun  6 16:34:44 cu-cs-vm kernel: [    0.004000] RCU: Adjusting geometry for rcu_fanout_leaf=16, nr_cpu_ids=128
Jun  6 16:34:44 cu-cs-vm kernel: [    0.004000] NR_IRQS: 524544, nr_irqs: 1448, preallocated irqs: 16
Jun  6 16:34:44 cu-cs-vm kernel: [    0.004000] Console: colour VGA+ 80x25
Jun  6 16:34:44 cu-cs-vm kernel: [    0.004000] console [tty0] enabled
Jun  6 16:34:44 cu-cs-vm kernel: [    0.004000] ACPI: Core revision 20170831
Jun  6 16:34:44 cu-cs-vm kernel: [    0.004000] ACPI: 1 ACPI AML tables successfully acquired and loaded
Jun  6 16:34:44 cu-cs-vm kernel: [    0.004000] APIC: Switch to symmetric I/O mode setup
Jun  6 16:34:44 cu-cs-vm kernel: [    0.004000] x2apic enabled
Jun  6 16:34:44 cu-cs-vm kernel: [    0.004000] Switched APIC routing to physical x2apic.
Jun  6 16:34:44 cu-cs-vm kernel: [    0.004000] tsc: Detected 1800.001 MHz processor
Jun  6 16:34:44 cu-cs-vm kernel: [    0.004000] Calibrating delay loop (skipped) preset value.. 3600.00 BogoMIPS (lpj=7200004)
Jun  6 16:34:44 cu-cs-vm kernel: [    0.004000] pid_max: default: 131072 minimum: 1024
Jun  6 16:34:44 cu-cs-vm kernel: [    0.004000] Security Framework initialized
Jun  6 16:34:44 cu-cs-vm kernel: [    0.004000] Yama: becoming mindful.
Jun  6 16:34:44 cu-cs-vm kernel: [    0.004000] AppArmor: AppArmor initialized
Jun  6 16:34:44 cu-cs-vm kernel: [    0.004000] Dentry cache hash table entries: 524288 (order: 10, 4194304 bytes)
Jun  6 16:34:44 cu-cs-vm kernel: [    0.004000] Inode-cache hash table entries: 262144 (order: 9, 2097152 bytes)
Jun  6 16:34:44 cu-cs-vm kernel: [    0.004000] Mount-cache hash table entries: 8192 (order: 4, 65536 bytes)
Jun  6 16:34:44 cu-cs-vm kernel: [    0.004000] Mountpoint-cache hash table entries: 8192 (order: 4, 65536 bytes)
Jun  6 16:34:44 cu-cs-vm kernel: [    0.004000] Disabled fast string operations
Jun  6 16:34:44 cu-cs-vm kernel: [    0.004000] Last level iTLB entries: 4KB 64, 2MB 8, 4MB 8
Jun  6 16:34:44 cu-cs-vm kernel: [    0.004000] Last level dTLB entries: 4KB 64, 2MB 0, 4MB 0, 1GB 4
Jun  6 16:34:44 cu-cs-vm kernel: [    0.004000] Spectre V1 : Mitigation: usercopy/swapgs barriers and __user pointer sanitization
Jun  6 16:34:44 cu-cs-vm kernel: [    0.004000] Spectre V2 : Mitigation: Full generic retpoline
Jun  6 16:34:44 cu-cs-vm kernel: [    0.004000] Spectre V2 : Spectre v2 / SpectreRSB mitigation: Filling RSB on context switch
Jun  6 16:34:44 cu-cs-vm kernel: [    0.004000] Spectre V2 : Enabling Restricted Speculation for firmware calls
Jun  6 16:34:44 cu-cs-vm kernel: [    0.004000] Spectre V2 : mitigation: Enabling conditional Indirect Branch Prediction Barrier
Jun  6 16:34:44 cu-cs-vm kernel: [    0.004000] Speculative Store Bypass: Vulnerable
Jun  6 16:34:44 cu-cs-vm kernel: [    0.004000] MDS: Vulnerable: Clear CPU buffers attempted, no microcode
Jun  6 16:34:44 cu-cs-vm kernel: [    0.004000] Freeing SMP alternatives memory: 36K
Jun  6 16:34:44 cu-cs-vm kernel: [    0.004000] TSC deadline timer enabled
Jun  6 16:34:44 cu-cs-vm kernel: [    0.004000] smpboot: CPU0: Intel(R) Core(TM) i5-8250U CPU @ 1.60GHz (family: 0x6, model: 0x8e, stepping: 0xa)
Jun  6 16:34:44 cu-cs-vm kernel: [    0.004000] Performance Events: Skylake events, core PMU driver.
Jun  6 16:34:44 cu-cs-vm kernel: [    0.004000] core: CPUID marked event: 'cpu cycles' unavailable
Jun  6 16:34:44 cu-cs-vm kernel: [    0.004000] core: CPUID marked event: 'instructions' unavailable
Jun  6 16:34:44 cu-cs-vm kernel: [    0.004000] core: CPUID marked event: 'bus cycles' unavailable
Jun  6 16:34:44 cu-cs-vm kernel: [    0.004000] core: CPUID marked event: 'cache references' unavailable
Jun  6 16:34:44 cu-cs-vm kernel: [    0.004000] core: CPUID marked event: 'cache misses' unavailable
Jun  6 16:34:44 cu-cs-vm kernel: [    0.004000] core: CPUID marked event: 'branch instructions' unavailable
Jun  6 16:34:44 cu-cs-vm kernel: [    0.004000] core: CPUID marked event: 'branch misses' unavailable
Jun  6 16:34:44 cu-cs-vm kernel: [    0.004000] ... version:                1
Jun  6 16:34:44 cu-cs-vm kernel: [    0.004000] ... bit width:              48
Jun  6 16:34:44 cu-cs-vm kernel: [    0.004000] ... generic registers:      4
Jun  6 16:34:44 cu-cs-vm kernel: [    0.004000] ... value mask:             0000ffffffffffff
Jun  6 16:34:44 cu-cs-vm kernel: [    0.004000] ... max period:             000000007fffffff
Jun  6 16:34:44 cu-cs-vm kernel: [    0.004000] ... fixed-purpose events:   0
Jun  6 16:34:44 cu-cs-vm kernel: [    0.004000] ... event mask:             000000000000000f
Jun  6 16:34:44 cu-cs-vm kernel: [    0.004000] Hierarchical SRCU implementation.
Jun  6 16:34:44 cu-cs-vm kernel: [    0.004000] NMI watchdog: Perf event create on CPU 0 failed with -2
Jun  6 16:34:44 cu-cs-vm kernel: [    0.004000] NMI watchdog: Perf NMI watchdog permanently disabled
Jun  6 16:34:44 cu-cs-vm kernel: [    0.005758] smp: Bringing up secondary CPUs ...
Jun  6 16:34:44 cu-cs-vm kernel: [    0.006032] x86: Booting SMP configuration:
Jun  6 16:34:44 cu-cs-vm kernel: [    0.006166] .... node  #0, CPUs:          #1
Jun  6 16:34:44 cu-cs-vm kernel: [    0.004000] Disabled fast string operations
Jun  6 16:34:44 cu-cs-vm kernel: [    0.004000] smpboot: CPU 1 Converting physical 2 to logical package 1
Jun  6 16:34:44 cu-cs-vm kernel: [    0.007591]    #2
Jun  6 16:34:44 cu-cs-vm kernel: [    0.004000] Disabled fast string operations
Jun  6 16:34:44 cu-cs-vm kernel: [    0.004000] smpboot: CPU 2 Converting physical 4 to logical package 2
Jun  6 16:34:44 cu-cs-vm kernel: [    0.008836]    #3
Jun  6 16:34:44 cu-cs-vm kernel: [    0.004000] Disabled fast string operations
Jun  6 16:34:44 cu-cs-vm kernel: [    0.004000] smpboot: CPU 3 Converting physical 6 to logical package 3
Jun  6 16:34:44 cu-cs-vm kernel: [    0.009453] smp: Brought up 1 node, 4 CPUs
Jun  6 16:34:44 cu-cs-vm kernel: [    0.009453] smpboot: Max logical packages: 128
Jun  6 16:34:44 cu-cs-vm kernel: [    0.009453] smpboot: Total of 4 processors activated (14400.00 BogoMIPS)
Jun  6 16:34:44 cu-cs-vm kernel: [    0.012113] devtmpfs: initialized
Jun  6 16:34:44 cu-cs-vm kernel: [    0.012113] x86/mm: Memory block size: 128MB
Jun  6 16:34:44 cu-cs-vm kernel: [    0.012408] evm: security.selinux
Jun  6 16:34:44 cu-cs-vm kernel: [    0.012448] evm: security.SMACK64
Jun  6 16:34:44 cu-cs-vm kernel: [    0.012486] evm: security.SMACK64EXEC
Jun  6 16:34:44 cu-cs-vm kernel: [    0.012527] evm: security.SMACK64TRANSMUTE
Jun  6 16:34:44 cu-cs-vm kernel: [    0.012585] evm: security.SMACK64MMAP
Jun  6 16:34:44 cu-cs-vm kernel: [    0.012626] evm: security.apparmor
Jun  6 16:34:44 cu-cs-vm kernel: [    0.012665] evm: security.ima
Jun  6 16:34:44 cu-cs-vm kernel: [    0.012701] evm: security.capability
Jun  6 16:34:44 cu-cs-vm kernel: [    0.012806] PM: Registering ACPI NVS region [mem 0xbfeff000-0xbfefffff] (4096 bytes)
Jun  6 16:34:44 cu-cs-vm kernel: [    0.012806] clocksource: jiffies: mask: 0xffffffff max_cycles: 0xffffffff, max_idle_ns: 7645041785100000 ns
Jun  6 16:34:44 cu-cs-vm kernel: [    0.012806] futex hash table entries: 32768 (order: 9, 2097152 bytes)
Jun  6 16:34:44 cu-cs-vm kernel: [    0.013171] pinctrl core: initialized pinctrl subsystem
Jun  6 16:34:44 cu-cs-vm kernel: [    0.013428] RTC time: 22:34:34, date: 06/06/20
Jun  6 16:34:44 cu-cs-vm kernel: [    0.016128] NET: Registered protocol family 16
Jun  6 16:34:44 cu-cs-vm kernel: [    0.016235] audit: initializing netlink subsys (disabled)
Jun  6 16:34:44 cu-cs-vm kernel: [    0.016342] audit: type=2000 audit(1591482874.016:1): state=initialized audit_enabled=0 res=1
Jun  6 16:34:44 cu-cs-vm kernel: [    0.016342] cpuidle: using governor ladder
Jun  6 16:34:44 cu-cs-vm kernel: [    0.016342] cpuidle: using governor menu
Jun  6 16:34:44 cu-cs-vm kernel: [    0.016342] Simple Boot Flag at 0x36 set to 0x80
Jun  6 16:34:44 cu-cs-vm kernel: [    0.016342] ACPI: bus type PCI registered
Jun  6 16:34:44 cu-cs-vm kernel: [    0.016342] acpiphp: ACPI Hot Plug PCI Controller Driver version: 0.5
Jun  6 16:34:44 cu-cs-vm kernel: [    0.016522] PCI: MMCONFIG for domain 0000 [bus 00-7f] at [mem 0xf0000000-0xf7ffffff] (base 0xf0000000)
Jun  6 16:34:44 cu-cs-vm kernel: [    0.016613] PCI: MMCONFIG at [mem 0xf0000000-0xf7ffffff] reserved in E820
Jun  6 16:34:44 cu-cs-vm kernel: [    0.016685] PCI: Using configuration type 1 for base access
Jun  6 16:34:44 cu-cs-vm kernel: [    0.016890] HugeTLB registered 1.00 GiB page size, pre-allocated 0 pages
Jun  6 16:34:44 cu-cs-vm kernel: [    0.016890] HugeTLB registered 2.00 MiB page size, pre-allocated 0 pages
Jun  6 16:34:44 cu-cs-vm kernel: [    0.020176] ACPI: Added _OSI(Module Device)
Jun  6 16:34:44 cu-cs-vm kernel: [    0.020223] ACPI: Added _OSI(Processor Device)
Jun  6 16:34:44 cu-cs-vm kernel: [    0.020271] ACPI: Added _OSI(3.0 _SCP Extensions)
Jun  6 16:34:44 cu-cs-vm kernel: [    0.020320] ACPI: Added _OSI(Processor Aggregator Device)
Jun  6 16:34:44 cu-cs-vm kernel: [    0.020375] ACPI: Added _OSI(Linux-Dell-Video)
Jun  6 16:34:44 cu-cs-vm kernel: [    0.020422] ACPI: Added _OSI(Linux-Lenovo-NV-HDMI-Audio)
Jun  6 16:34:44 cu-cs-vm kernel: [    0.020475] ACPI: Added _OSI(Linux-HPI-Hybrid-Graphics)
Jun  6 16:34:44 cu-cs-vm kernel: [    0.025735] ACPI: [Firmware Bug]: BIOS _OSI(Linux) query ignored
Jun  6 16:34:44 cu-cs-vm kernel: [    0.044441] ACPI: Interpreter enabled
Jun  6 16:34:44 cu-cs-vm kernel: [    0.044582] ACPI: (supports S0 S1 S4 S5)
Jun  6 16:34:44 cu-cs-vm kernel: [    0.044703] ACPI: Using IOAPIC for interrupt routing
Jun  6 16:34:44 cu-cs-vm kernel: [    0.044824] PCI: Using host bridge windows from ACPI; if necessary, use "pci=nocrs" and report a bug
Jun  6 16:34:44 cu-cs-vm kernel: [    0.047085] ACPI: Enabled 4 GPEs in block 00 to 0F
Jun  6 16:34:44 cu-cs-vm kernel: [    0.241564] ACPI: PCI Root Bridge [PCI0] (domain 0000 [bus 00-7f])
Jun  6 16:34:44 cu-cs-vm kernel: [    0.241638] acpi PNP0A03:00: _OSC: OS supports [ExtendedConfig ASPM ClockPM Segments MSI]
Jun  6 16:34:44 cu-cs-vm kernel: [    0.241922] acpi PNP0A03:00: _OSC: platform does not support [AER]
Jun  6 16:34:44 cu-cs-vm kernel: [    0.242201] acpi PNP0A03:00: _OSC: OS now controls [PCIeHotplug PME PCIeCapability]
Jun  6 16:34:44 cu-cs-vm kernel: [    0.244193] PCI host bridge to bus 0000:00
Jun  6 16:34:44 cu-cs-vm kernel: [    0.244242] pci_bus 0000:00: root bus resource [mem 0x000a0000-0x000bffff window]
Jun  6 16:34:44 cu-cs-vm kernel: [    0.244316] pci_bus 0000:00: root bus resource [mem 0x000cc000-0x000cffff window]
Jun  6 16:34:44 cu-cs-vm kernel: [    0.244389] pci_bus 0000:00: root bus resource [mem 0x000d0000-0x000d3fff window]
Jun  6 16:34:44 cu-cs-vm kernel: [    0.244475] pci_bus 0000:00: root bus resource [mem 0x000d4000-0x000d7fff window]
Jun  6 16:34:44 cu-cs-vm kernel: [    0.244548] pci_bus 0000:00: root bus resource [mem 0x000d8000-0x000dbfff window]
Jun  6 16:34:44 cu-cs-vm kernel: [    0.244622] pci_bus 0000:00: root bus resource [mem 0xc0000000-0xfebfffff window]
Jun  6 16:34:44 cu-cs-vm kernel: [    0.244695] pci_bus 0000:00: root bus resource [io  0x0000-0x0cf7 window]
Jun  6 16:34:44 cu-cs-vm kernel: [    0.244760] pci_bus 0000:00: root bus resource [io  0x0d00-0xfeff window]
Jun  6 16:34:44 cu-cs-vm kernel: [    0.244826] pci_bus 0000:00: root bus resource [bus 00-7f]
Jun  6 16:34:44 cu-cs-vm kernel: [    0.244941] pci 0000:00:00.0: [8086:7190] type 00 class 0x060000
Jun  6 16:34:44 cu-cs-vm kernel: [    0.245672] pci 0000:00:01.0: [8086:7191] type 01 class 0x060400
Jun  6 16:34:44 cu-cs-vm kernel: [    0.246237] pci 0000:00:07.0: [8086:7110] type 00 class 0x060100
Jun  6 16:34:44 cu-cs-vm kernel: [    0.247007] pci 0000:00:07.1: [8086:7111] type 00 class 0x01018a
Jun  6 16:34:44 cu-cs-vm kernel: [    0.249981] pci 0000:00:07.1: reg 0x20: [io  0x1060-0x106f]
Jun  6 16:34:44 cu-cs-vm kernel: [    0.250662] pci 0000:00:07.1: legacy IDE quirk: reg 0x10: [io  0x01f0-0x01f7]
Jun  6 16:34:44 cu-cs-vm kernel: [    0.250740] pci 0000:00:07.1: legacy IDE quirk: reg 0x14: [io  0x03f6]
Jun  6 16:34:44 cu-cs-vm kernel: [    0.250804] pci 0000:00:07.1: legacy IDE quirk: reg 0x18: [io  0x0170-0x0177]
Jun  6 16:34:44 cu-cs-vm kernel: [    0.250872] pci 0000:00:07.1: legacy IDE quirk: reg 0x1c: [io  0x0376]
Jun  6 16:34:44 cu-cs-vm kernel: [    0.251217] pci 0000:00:07.3: [8086:7113] type 00 class 0x068000
Jun  6 16:34:44 cu-cs-vm kernel: [    0.252926] pci 0000:00:07.3: quirk: [io  0x1000-0x103f] claimed by PIIX4 ACPI
Jun  6 16:34:44 cu-cs-vm kernel: [    0.253014] pci 0000:00:07.3: quirk: [io  0x1040-0x104f] claimed by PIIX4 SMB
Jun  6 16:34:44 cu-cs-vm kernel: [    0.253414] pci 0000:00:07.7: [15ad:0740] type 00 class 0x088000
Jun  6 16:34:44 cu-cs-vm kernel: [    0.254210] pci 0000:00:07.7: reg 0x10: [io  0x1080-0x10bf]
Jun  6 16:34:44 cu-cs-vm kernel: [    0.254933] pci 0000:00:07.7: reg 0x14: [mem 0xfebfe000-0xfebfffff 64bit]
Jun  6 16:34:44 cu-cs-vm kernel: [    0.257895] pci 0000:00:0f.0: [15ad:0405] type 00 class 0x030000
Jun  6 16:34:44 cu-cs-vm kernel: [    0.260016] pci 0000:00:0f.0: reg 0x10: [io  0x1070-0x107f]
Jun  6 16:34:44 cu-cs-vm kernel: [    0.262511] pci 0000:00:0f.0: reg 0x14: [mem 0xe8000000-0xefffffff pref]
Jun  6 16:34:44 cu-cs-vm kernel: [    0.264009] pci 0000:00:0f.0: reg 0x18: [mem 0xfe000000-0xfe7fffff]
Jun  6 16:34:44 cu-cs-vm kernel: [    0.272005] pci 0000:00:0f.0: reg 0x30: [mem 0x00000000-0x00007fff pref]
Jun  6 16:34:44 cu-cs-vm kernel: [    0.272544] pci 0000:00:10.0: [1000:0030] type 00 class 0x010000
Jun  6 16:34:44 cu-cs-vm kernel: [    0.273765] pci 0000:00:10.0: reg 0x10: [io  0x1400-0x14ff]
Jun  6 16:34:44 cu-cs-vm kernel: [    0.274943] pci 0000:00:10.0: reg 0x14: [mem 0xfeba0000-0xfebbffff 64bit]
Jun  6 16:34:44 cu-cs-vm kernel: [    0.276004] pci 0000:00:10.0: reg 0x1c: [mem 0xfebc0000-0xfebdffff 64bit]
Jun  6 16:34:44 cu-cs-vm kernel: [    0.278356] pci 0000:00:10.0: reg 0x30: [mem 0x00000000-0x00003fff pref]
Jun  6 16:34:44 cu-cs-vm kernel: [    0.278850] pci 0000:00:11.0: [15ad:0790] type 01 class 0x060401
Jun  6 16:34:44 cu-cs-vm kernel: [    0.279613] pci 0000:00:15.0: [15ad:07a0] type 01 class 0x060400
Jun  6 16:34:44 cu-cs-vm kernel: [    0.280363] pci 0000:00:15.0: PME# supported from D0 D3hot D3cold
Jun  6 16:34:44 cu-cs-vm kernel: [    0.280698] pci 0000:00:15.1: [15ad:07a0] type 01 class 0x060400
Jun  6 16:34:44 cu-cs-vm kernel: [    0.281441] pci 0000:00:15.1: PME# supported from D0 D3hot D3cold
Jun  6 16:34:44 cu-cs-vm kernel: [    0.281763] pci 0000:00:15.2: [15ad:07a0] type 01 class 0x060400
Jun  6 16:34:44 cu-cs-vm kernel: [    0.282506] pci 0000:00:15.2: PME# supported from D0 D3hot D3cold
Jun  6 16:34:44 cu-cs-vm kernel: [    0.282840] pci 0000:00:15.3: [15ad:07a0] type 01 class 0x060400
Jun  6 16:34:44 cu-cs-vm kernel: [    0.283581] pci 0000:00:15.3: PME# supported from D0 D3hot D3cold
Jun  6 16:34:44 cu-cs-vm kernel: [    0.283905] pci 0000:00:15.4: [15ad:07a0] type 01 class 0x060400
Jun  6 16:34:44 cu-cs-vm kernel: [    0.284641] pci 0000:00:15.4: PME# supported from D0 D3hot D3cold
Jun  6 16:34:44 cu-cs-vm kernel: [    0.284970] pci 0000:00:15.5: [15ad:07a0] type 01 class 0x060400
Jun  6 16:34:44 cu-cs-vm kernel: [    0.285713] pci 0000:00:15.5: PME# supported from D0 D3hot D3cold
Jun  6 16:34:44 cu-cs-vm kernel: [    0.286027] pci 0000:00:15.6: [15ad:07a0] type 01 class 0x060400
Jun  6 16:34:44 cu-cs-vm kernel: [    0.286793] pci 0000:00:15.6: PME# supported from D0 D3hot D3cold
Jun  6 16:34:44 cu-cs-vm kernel: [    0.287105] pci 0000:00:15.7: [15ad:07a0] type 01 class 0x060400
Jun  6 16:34:44 cu-cs-vm kernel: [    0.287849] pci 0000:00:15.7: PME# supported from D0 D3hot D3cold
Jun  6 16:34:44 cu-cs-vm kernel: [    0.288091] pci 0000:00:16.0: [15ad:07a0] type 01 class 0x060400
Jun  6 16:34:44 cu-cs-vm kernel: [    0.288848] pci 0000:00:16.0: PME# supported from D0 D3hot D3cold
Jun  6 16:34:44 cu-cs-vm kernel: [    0.289165] pci 0000:00:16.1: [15ad:07a0] type 01 class 0x060400
Jun  6 16:34:44 cu-cs-vm kernel: [    0.289920] pci 0000:00:16.1: PME# supported from D0 D3hot D3cold
Jun  6 16:34:44 cu-cs-vm kernel: [    0.290240] pci 0000:00:16.2: [15ad:07a0] type 01 class 0x060400
Jun  6 16:34:44 cu-cs-vm kernel: [    0.290987] pci 0000:00:16.2: PME# supported from D0 D3hot D3cold
Jun  6 16:34:44 cu-cs-vm kernel: [    0.291315] pci 0000:00:16.3: [15ad:07a0] type 01 class 0x060400
Jun  6 16:34:44 cu-cs-vm kernel: [    0.292069] pci 0000:00:16.3: PME# supported from D0 D3hot D3cold
Jun  6 16:34:44 cu-cs-vm kernel: [    0.292388] pci 0000:00:16.4: [15ad:07a0] type 01 class 0x060400
Jun  6 16:34:44 cu-cs-vm kernel: [    0.293140] pci 0000:00:16.4: PME# supported from D0 D3hot D3cold
Jun  6 16:34:44 cu-cs-vm kernel: [    0.293455] pci 0000:00:16.5: [15ad:07a0] type 01 class 0x060400
Jun  6 16:34:44 cu-cs-vm kernel: [    0.294205] pci 0000:00:16.5: PME# supported from D0 D3hot D3cold
Jun  6 16:34:44 cu-cs-vm kernel: [    0.294521] pci 0000:00:16.6: [15ad:07a0] type 01 class 0x060400
Jun  6 16:34:44 cu-cs-vm kernel: [    0.295269] pci 0000:00:16.6: PME# supported from D0 D3hot D3cold
Jun  6 16:34:44 cu-cs-vm kernel: [    0.295595] pci 0000:00:16.7: [15ad:07a0] type 01 class 0x060400
Jun  6 16:34:44 cu-cs-vm kernel: [    0.296333] pci 0000:00:16.7: PME# supported from D0 D3hot D3cold
Jun  6 16:34:44 cu-cs-vm kernel: [    0.296664] pci 0000:00:17.0: [15ad:07a0] type 01 class 0x060400
Jun  6 16:34:44 cu-cs-vm kernel: [    0.297407] pci 0000:00:17.0: PME# supported from D0 D3hot D3cold
Jun  6 16:34:44 cu-cs-vm kernel: [    0.297724] pci 0000:00:17.1: [15ad:07a0] type 01 class 0x060400
Jun  6 16:34:44 cu-cs-vm kernel: [    0.298467] pci 0000:00:17.1: PME# supported from D0 D3hot D3cold
Jun  6 16:34:44 cu-cs-vm kernel: [    0.298805] pci 0000:00:17.2: [15ad:07a0] type 01 class 0x060400
Jun  6 16:34:44 cu-cs-vm kernel: [    0.299560] pci 0000:00:17.2: PME# supported from D0 D3hot D3cold
Jun  6 16:34:44 cu-cs-vm kernel: [    0.299885] pci 0000:00:17.3: [15ad:07a0] type 01 class 0x060400
Jun  6 16:34:44 cu-cs-vm kernel: [    0.300629] pci 0000:00:17.3: PME# supported from D0 D3hot D3cold
Jun  6 16:34:44 cu-cs-vm kernel: [    0.300945] pci 0000:00:17.4: [15ad:07a0] type 01 class 0x060400
Jun  6 16:34:44 cu-cs-vm kernel: [    0.301691] pci 0000:00:17.4: PME# supported from D0 D3hot D3cold
Jun  6 16:34:44 cu-cs-vm kernel: [    0.302007] pci 0000:00:17.5: [15ad:07a0] type 01 class 0x060400
Jun  6 16:34:44 cu-cs-vm kernel: [    0.302753] pci 0000:00:17.5: PME# supported from D0 D3hot D3cold
Jun  6 16:34:44 cu-cs-vm kernel: [    0.303065] pci 0000:00:17.6: [15ad:07a0] type 01 class 0x060400
Jun  6 16:34:44 cu-cs-vm kernel: [    0.303817] pci 0000:00:17.6: PME# supported from D0 D3hot D3cold
Jun  6 16:34:44 cu-cs-vm kernel: [    0.304090] pci 0000:00:17.7: [15ad:07a0] type 01 class 0x060400
Jun  6 16:34:44 cu-cs-vm kernel: [    0.304843] pci 0000:00:17.7: PME# supported from D0 D3hot D3cold
Jun  6 16:34:44 cu-cs-vm kernel: [    0.305162] pci 0000:00:18.0: [15ad:07a0] type 01 class 0x060400
Jun  6 16:34:44 cu-cs-vm kernel: [    0.305909] pci 0000:00:18.0: PME# supported from D0 D3hot D3cold
Jun  6 16:34:44 cu-cs-vm kernel: [    0.306225] pci 0000:00:18.1: [15ad:07a0] type 01 class 0x060400
Jun  6 16:34:44 cu-cs-vm kernel: [    0.306973] pci 0000:00:18.1: PME# supported from D0 D3hot D3cold
Jun  6 16:34:44 cu-cs-vm kernel: [    0.307289] pci 0000:00:18.2: [15ad:07a0] type 01 class 0x060400
Jun  6 16:34:44 cu-cs-vm kernel: [    0.308032] pci 0000:00:18.2: PME# supported from D0 D3hot D3cold
Jun  6 16:34:44 cu-cs-vm kernel: [    0.308357] pci 0000:00:18.3: [15ad:07a0] type 01 class 0x060400
Jun  6 16:34:44 cu-cs-vm kernel: [    0.309102] pci 0000:00:18.3: PME# supported from D0 D3hot D3cold
Jun  6 16:34:44 cu-cs-vm kernel: [    0.309428] pci 0000:00:18.4: [15ad:07a0] type 01 class 0x060400
Jun  6 16:34:44 cu-cs-vm kernel: [    0.310170] pci 0000:00:18.4: PME# supported from D0 D3hot D3cold
Jun  6 16:34:44 cu-cs-vm kernel: [    0.310490] pci 0000:00:18.5: [15ad:07a0] type 01 class 0x060400
Jun  6 16:34:44 cu-cs-vm kernel: [    0.311239] pci 0000:00:18.5: PME# supported from D0 D3hot D3cold
Jun  6 16:34:44 cu-cs-vm kernel: [    0.311563] pci 0000:00:18.6: [15ad:07a0] type 01 class 0x060400
Jun  6 16:34:44 cu-cs-vm kernel: [    0.312305] pci 0000:00:18.6: PME# supported from D0 D3hot D3cold
Jun  6 16:34:44 cu-cs-vm kernel: [    0.312630] pci 0000:00:18.7: [15ad:07a0] type 01 class 0x060400
Jun  6 16:34:44 cu-cs-vm kernel: [    0.313372] pci 0000:00:18.7: PME# supported from D0 D3hot D3cold
Jun  6 16:34:44 cu-cs-vm kernel: [    0.314073] pci 0000:00:01.0: PCI bridge to [bus 01]
Jun  6 16:34:44 cu-cs-vm kernel: [    0.314525] acpiphp: Slot [32] registered
Jun  6 16:34:44 cu-cs-vm kernel: [    0.314621] acpiphp: Slot [33] registered
Jun  6 16:34:44 cu-cs-vm kernel: [    0.314705] acpiphp: Slot [34] registered
Jun  6 16:34:44 cu-cs-vm kernel: [    0.314789] acpiphp: Slot [35] registered
Jun  6 16:34:44 cu-cs-vm kernel: [    0.314873] acpiphp: Slot [36] registered
Jun  6 16:34:44 cu-cs-vm kernel: [    0.314956] acpiphp: Slot [37] registered
Jun  6 16:34:44 cu-cs-vm kernel: [    0.315040] acpiphp: Slot [38] registered
Jun  6 16:34:44 cu-cs-vm kernel: [    0.315127] acpiphp: Slot [39] registered
Jun  6 16:34:44 cu-cs-vm kernel: [    0.315210] acpiphp: Slot [40] registered
Jun  6 16:34:44 cu-cs-vm kernel: [    0.315294] acpiphp: Slot [41] registered
Jun  6 16:34:44 cu-cs-vm kernel: [    0.315377] acpiphp: Slot [42] registered
Jun  6 16:34:44 cu-cs-vm kernel: [    0.315470] acpiphp: Slot [43] registered
Jun  6 16:34:44 cu-cs-vm kernel: [    0.315554] acpiphp: Slot [44] registered
Jun  6 16:34:44 cu-cs-vm kernel: [    0.315637] acpiphp: Slot [45] registered
Jun  6 16:34:44 cu-cs-vm kernel: [    0.315720] acpiphp: Slot [46] registered
Jun  6 16:34:44 cu-cs-vm kernel: [    0.315803] acpiphp: Slot [47] registered
Jun  6 16:34:44 cu-cs-vm kernel: [    0.315886] acpiphp: Slot [48] registered
Jun  6 16:34:44 cu-cs-vm kernel: [    0.315970] acpiphp: Slot [49] registered
Jun  6 16:34:44 cu-cs-vm kernel: [    0.316031] acpiphp: Slot [50] registered
Jun  6 16:34:44 cu-cs-vm kernel: [    0.316120] acpiphp: Slot [51] registered
Jun  6 16:34:44 cu-cs-vm kernel: [    0.316204] acpiphp: Slot [52] registered
Jun  6 16:34:44 cu-cs-vm kernel: [    0.316287] acpiphp: Slot [53] registered
Jun  6 16:34:44 cu-cs-vm kernel: [    0.316387] acpiphp: Slot [54] registered
Jun  6 16:34:44 cu-cs-vm kernel: [    0.316472] acpiphp: Slot [55] registered
Jun  6 16:34:44 cu-cs-vm kernel: [    0.316569] acpiphp: Slot [56] registered
Jun  6 16:34:44 cu-cs-vm kernel: [    0.316653] acpiphp: Slot [57] registered
Jun  6 16:34:44 cu-cs-vm kernel: [    0.316904] acpiphp: Slot [58] registered
Jun  6 16:34:44 cu-cs-vm kernel: [    0.316988] acpiphp: Slot [59] registered
Jun  6 16:34:44 cu-cs-vm kernel: [    0.317075] acpiphp: Slot [60] registered
Jun  6 16:34:44 cu-cs-vm kernel: [    0.317158] acpiphp: Slot [61] registered
Jun  6 16:34:44 cu-cs-vm kernel: [    0.317241] acpiphp: Slot [62] registered
Jun  6 16:34:44 cu-cs-vm kernel: [    0.317328] acpiphp: Slot [63] registered
Jun  6 16:34:44 cu-cs-vm kernel: [    0.317454] pci 0000:02:00.0: [15ad:0774] type 00 class 0x0c0300
Jun  6 16:34:44 cu-cs-vm kernel: [    0.318906] pci 0000:02:00.0: reg 0x20: [io  0x2040-0x205f]
Jun  6 16:34:44 cu-cs-vm kernel: [    0.319855] pci 0000:02:01.0: [8086:100f] type 00 class 0x020000
Jun  6 16:34:44 cu-cs-vm kernel: [    0.320747] pci 0000:02:01.0: reg 0x10: [mem 0xfd5c0000-0xfd5dffff 64bit]
Jun  6 16:34:44 cu-cs-vm kernel: [    0.322049] pci 0000:02:01.0: reg 0x18: [mem 0xfdff0000-0xfdffffff 64bit]
Jun  6 16:34:44 cu-cs-vm kernel: [    0.323205] pci 0000:02:01.0: reg 0x20: [io  0x2000-0x203f]
Jun  6 16:34:44 cu-cs-vm kernel: [    0.325515] pci 0000:02:01.0: reg 0x30: [mem 0x00000000-0x0000ffff pref]
Jun  6 16:34:44 cu-cs-vm kernel: [    0.325820] pci 0000:02:01.0: PME# supported from D0 D3hot D3cold
Jun  6 16:34:44 cu-cs-vm kernel: [    0.326078] pci 0000:02:02.0: [15ad:0770] type 00 class 0x0c0320
Jun  6 16:34:44 cu-cs-vm kernel: [    0.326847] pci 0000:02:02.0: reg 0x10: [mem 0xfd5ef000-0xfd5effff]
Jun  6 16:34:44 cu-cs-vm kernel: [    0.330931] pci 0000:02:04.0: [15ad:07e0] type 00 class 0x010601
Jun  6 16:34:44 cu-cs-vm kernel: [    0.334186] pci 0000:02:04.0: reg 0x24: [mem 0xfd5ee000-0xfd5eefff]
Jun  6 16:34:44 cu-cs-vm kernel: [    0.334727] pci 0000:02:04.0: reg 0x30: [mem 0x00000000-0x0000ffff pref]
Jun  6 16:34:44 cu-cs-vm kernel: [    0.335134] pci 0000:02:04.0: PME# supported from D3hot
Jun  6 16:34:44 cu-cs-vm kernel: [    0.335583] pci 0000:00:11.0: PCI bridge to [bus 02] (subtractive decode)
Jun  6 16:34:44 cu-cs-vm kernel: [    0.335680] pci 0000:00:11.0:   bridge window [io  0x2000-0x3fff]
Jun  6 16:34:44 cu-cs-vm kernel: [    0.335701] pci 0000:00:11.0:   bridge window [mem 0xfd500000-0xfdffffff]
Jun  6 16:34:44 cu-cs-vm kernel: [    0.335740] pci 0000:00:11.0:   bridge window [mem 0xe7b00000-0xe7ffffff 64bit pref]
Jun  6 16:34:44 cu-cs-vm kernel: [    0.335742] pci 0000:00:11.0:   bridge window [mem 0x000a0000-0x000bffff window] (subtractive decode)
Jun  6 16:34:44 cu-cs-vm kernel: [    0.335742] pci 0000:00:11.0:   bridge window [mem 0x000cc000-0x000cffff window] (subtractive decode)
Jun  6 16:34:44 cu-cs-vm kernel: [    0.335743] pci 0000:00:11.0:   bridge window [mem 0x000d0000-0x000d3fff window] (subtractive decode)
Jun  6 16:34:44 cu-cs-vm kernel: [    0.335744] pci 0000:00:11.0:   bridge window [mem 0x000d4000-0x000d7fff window] (subtractive decode)
Jun  6 16:34:44 cu-cs-vm kernel: [    0.335744] pci 0000:00:11.0:   bridge window [mem 0x000d8000-0x000dbfff window] (subtractive decode)
Jun  6 16:34:44 cu-cs-vm kernel: [    0.335745] pci 0000:00:11.0:   bridge window [mem 0xc0000000-0xfebfffff window] (subtractive decode)
Jun  6 16:34:44 cu-cs-vm kernel: [    0.335745] pci 0000:00:11.0:   bridge window [io  0x0000-0x0cf7 window] (subtractive decode)
Jun  6 16:34:44 cu-cs-vm kernel: [    0.335746] pci 0000:00:11.0:   bridge window [io  0x0d00-0xfeff window] (subtractive decode)
Jun  6 16:34:44 cu-cs-vm kernel: [    0.336074] pci 0000:00:15.0: PCI bridge to [bus 03]
Jun  6 16:34:44 cu-cs-vm kernel: [    0.336147] pci 0000:00:15.0:   bridge window [io  0x4000-0x4fff]
Jun  6 16:34:44 cu-cs-vm kernel: [    0.336168] pci 0000:00:15.0:   bridge window [mem 0xfd400000-0xfd4fffff]
Jun  6 16:34:44 cu-cs-vm kernel: [    0.336207] pci 0000:00:15.0:   bridge window [mem 0xe7a00000-0xe7afffff 64bit pref]
Jun  6 16:34:44 cu-cs-vm kernel: [    0.336517] pci 0000:00:15.1: PCI bridge to [bus 04]
Jun  6 16:34:44 cu-cs-vm kernel: [    0.336590] pci 0000:00:15.1:   bridge window [io  0x8000-0x8fff]
Jun  6 16:34:44 cu-cs-vm kernel: [    0.336611] pci 0000:00:15.1:   bridge window [mem 0xfd000000-0xfd0fffff]
Jun  6 16:34:44 cu-cs-vm kernel: [    0.336650] pci 0000:00:15.1:   bridge window [mem 0xe7600000-0xe76fffff 64bit pref]
Jun  6 16:34:44 cu-cs-vm kernel: [    0.336968] pci 0000:00:15.2: PCI bridge to [bus 05]
Jun  6 16:34:44 cu-cs-vm kernel: [    0.337041] pci 0000:00:15.2:   bridge window [io  0xc000-0xcfff]
Jun  6 16:34:44 cu-cs-vm kernel: [    0.337062] pci 0000:00:15.2:   bridge window [mem 0xfcc00000-0xfccfffff]
Jun  6 16:34:44 cu-cs-vm kernel: [    0.337102] pci 0000:00:15.2:   bridge window [mem 0xe7200000-0xe72fffff 64bit pref]
Jun  6 16:34:44 cu-cs-vm kernel: [    0.337407] pci 0000:00:15.3: PCI bridge to [bus 06]
Jun  6 16:34:44 cu-cs-vm kernel: [    0.337498] pci 0000:00:15.3:   bridge window [mem 0xfc800000-0xfc8fffff]
Jun  6 16:34:44 cu-cs-vm kernel: [    0.337537] pci 0000:00:15.3:   bridge window [mem 0xe6e00000-0xe6efffff 64bit pref]
Jun  6 16:34:44 cu-cs-vm kernel: [    0.337859] pci 0000:00:15.4: PCI bridge to [bus 07]
Jun  6 16:34:44 cu-cs-vm kernel: [    0.337951] pci 0000:00:15.4:   bridge window [mem 0xfc400000-0xfc4fffff]
Jun  6 16:34:44 cu-cs-vm kernel: [    0.337991] pci 0000:00:15.4:   bridge window [mem 0xe6a00000-0xe6afffff 64bit pref]
Jun  6 16:34:44 cu-cs-vm kernel: [    0.338297] pci 0000:00:15.5: PCI bridge to [bus 08]
Jun  6 16:34:44 cu-cs-vm kernel: [    0.338388] pci 0000:00:15.5:   bridge window [mem 0xfc000000-0xfc0fffff]
Jun  6 16:34:44 cu-cs-vm kernel: [    0.338428] pci 0000:00:15.5:   bridge window [mem 0xe6600000-0xe66fffff 64bit pref]
Jun  6 16:34:44 cu-cs-vm kernel: [    0.338741] pci 0000:00:15.6: PCI bridge to [bus 09]
Jun  6 16:34:44 cu-cs-vm kernel: [    0.338833] pci 0000:00:15.6:   bridge window [mem 0xfbc00000-0xfbcfffff]
Jun  6 16:34:44 cu-cs-vm kernel: [    0.338876] pci 0000:00:15.6:   bridge window [mem 0xe6200000-0xe62fffff 64bit pref]
Jun  6 16:34:44 cu-cs-vm kernel: [    0.339194] pci 0000:00:15.7: PCI bridge to [bus 0a]
Jun  6 16:34:44 cu-cs-vm kernel: [    0.339286] pci 0000:00:15.7:   bridge window [mem 0xfb800000-0xfb8fffff]
Jun  6 16:34:44 cu-cs-vm kernel: [    0.339325] pci 0000:00:15.7:   bridge window [mem 0xe5e00000-0xe5efffff 64bit pref]
Jun  6 16:34:44 cu-cs-vm kernel: [    0.339629] pci 0000:00:16.0: PCI bridge to [bus 0b]
Jun  6 16:34:44 cu-cs-vm kernel: [    0.339702] pci 0000:00:16.0:   bridge window [io  0x5000-0x5fff]
Jun  6 16:34:44 cu-cs-vm kernel: [    0.339722] pci 0000:00:16.0:   bridge window [mem 0xfd300000-0xfd3fffff]
Jun  6 16:34:44 cu-cs-vm kernel: [    0.339761] pci 0000:00:16.0:   bridge window [mem 0xe7900000-0xe79fffff 64bit pref]
Jun  6 16:34:44 cu-cs-vm kernel: [    0.340099] pci 0000:00:16.1: PCI bridge to [bus 0c]
Jun  6 16:34:44 cu-cs-vm kernel: [    0.340173] pci 0000:00:16.1:   bridge window [io  0x9000-0x9fff]
Jun  6 16:34:44 cu-cs-vm kernel: [    0.340194] pci 0000:00:16.1:   bridge window [mem 0xfcf00000-0xfcffffff]
Jun  6 16:34:44 cu-cs-vm kernel: [    0.340233] pci 0000:00:16.1:   bridge window [mem 0xe7500000-0xe75fffff 64bit pref]
Jun  6 16:34:44 cu-cs-vm kernel: [    0.340548] pci 0000:00:16.2: PCI bridge to [bus 0d]
Jun  6 16:34:44 cu-cs-vm kernel: [    0.340623] pci 0000:00:16.2:   bridge window [io  0xd000-0xdfff]
Jun  6 16:34:44 cu-cs-vm kernel: [    0.340644] pci 0000:00:16.2:   bridge window [mem 0xfcb00000-0xfcbfffff]
Jun  6 16:34:44 cu-cs-vm kernel: [    0.340685] pci 0000:00:16.2:   bridge window [mem 0xe7100000-0xe71fffff 64bit pref]
Jun  6 16:34:44 cu-cs-vm kernel: [    0.341006] pci 0000:00:16.3: PCI bridge to [bus 0e]
Jun  6 16:34:44 cu-cs-vm kernel: [    0.341098] pci 0000:00:16.3:   bridge window [mem 0xfc700000-0xfc7fffff]
Jun  6 16:34:44 cu-cs-vm kernel: [    0.341137] pci 0000:00:16.3:   bridge window [mem 0xe6d00000-0xe6dfffff 64bit pref]
Jun  6 16:34:44 cu-cs-vm kernel: [    0.341459] pci 0000:00:16.4: PCI bridge to [bus 0f]
Jun  6 16:34:44 cu-cs-vm kernel: [    0.341550] pci 0000:00:16.4:   bridge window [mem 0xfc300000-0xfc3fffff]
Jun  6 16:34:44 cu-cs-vm kernel: [    0.341589] pci 0000:00:16.4:   bridge window [mem 0xe6900000-0xe69fffff 64bit pref]
Jun  6 16:34:44 cu-cs-vm kernel: [    0.341906] pci 0000:00:16.5: PCI bridge to [bus 10]
Jun  6 16:34:44 cu-cs-vm kernel: [    0.341998] pci 0000:00:16.5:   bridge window [mem 0xfbf00000-0xfbffffff]
Jun  6 16:34:44 cu-cs-vm kernel: [    0.342037] pci 0000:00:16.5:   bridge window [mem 0xe6500000-0xe65fffff 64bit pref]
Jun  6 16:34:44 cu-cs-vm kernel: [    0.342343] pci 0000:00:16.6: PCI bridge to [bus 11]
Jun  6 16:34:44 cu-cs-vm kernel: [    0.342434] pci 0000:00:16.6:   bridge window [mem 0xfbb00000-0xfbbfffff]
Jun  6 16:34:44 cu-cs-vm kernel: [    0.342474] pci 0000:00:16.6:   bridge window [mem 0xe6100000-0xe61fffff 64bit pref]
Jun  6 16:34:44 cu-cs-vm kernel: [    0.342790] pci 0000:00:16.7: PCI bridge to [bus 12]
Jun  6 16:34:44 cu-cs-vm kernel: [    0.342895] pci 0000:00:16.7:   bridge window [mem 0xfb700000-0xfb7fffff]
Jun  6 16:34:44 cu-cs-vm kernel: [    0.342934] pci 0000:00:16.7:   bridge window [mem 0xe5d00000-0xe5dfffff 64bit pref]
Jun  6 16:34:44 cu-cs-vm kernel: [    0.343303] pci 0000:00:17.0: PCI bridge to [bus 13]
Jun  6 16:34:44 cu-cs-vm kernel: [    0.343384] pci 0000:00:17.0:   bridge window [io  0x6000-0x6fff]
Jun  6 16:34:44 cu-cs-vm kernel: [    0.343406] pci 0000:00:17.0:   bridge window [mem 0xfd200000-0xfd2fffff]
Jun  6 16:34:44 cu-cs-vm kernel: [    0.343446] pci 0000:00:17.0:   bridge window [mem 0xe7800000-0xe78fffff 64bit pref]
Jun  6 16:34:44 cu-cs-vm kernel: [    0.343772] pci 0000:00:17.1: PCI bridge to [bus 14]
Jun  6 16:34:44 cu-cs-vm kernel: [    0.343858] pci 0000:00:17.1:   bridge window [io  0xa000-0xafff]
Jun  6 16:34:44 cu-cs-vm kernel: [    0.343879] pci 0000:00:17.1:   bridge window [mem 0xfce00000-0xfcefffff]
Jun  6 16:34:44 cu-cs-vm kernel: [    0.343919] pci 0000:00:17.1:   bridge window [mem 0xe7400000-0xe74fffff 64bit pref]
Jun  6 16:34:44 cu-cs-vm kernel: [    0.344240] pci 0000:00:17.2: PCI bridge to [bus 15]
Jun  6 16:34:44 cu-cs-vm kernel: [    0.344313] pci 0000:00:17.2:   bridge window [io  0xe000-0xefff]
Jun  6 16:34:44 cu-cs-vm kernel: [    0.344333] pci 0000:00:17.2:   bridge window [mem 0xfca00000-0xfcafffff]
Jun  6 16:34:44 cu-cs-vm kernel: [    0.344373] pci 0000:00:17.2:   bridge window [mem 0xe7000000-0xe70fffff 64bit pref]
Jun  6 16:34:44 cu-cs-vm kernel: [    0.344679] pci 0000:00:17.3: PCI bridge to [bus 16]
Jun  6 16:34:44 cu-cs-vm kernel: [    0.344771] pci 0000:00:17.3:   bridge window [mem 0xfc600000-0xfc6fffff]
Jun  6 16:34:44 cu-cs-vm kernel: [    0.344834] pci 0000:00:17.3:   bridge window [mem 0xe6c00000-0xe6cfffff 64bit pref]
Jun  6 16:34:44 cu-cs-vm kernel: [    0.345147] pci 0000:00:17.4: PCI bridge to [bus 17]
Jun  6 16:34:44 cu-cs-vm kernel: [    0.345239] pci 0000:00:17.4:   bridge window [mem 0xfc200000-0xfc2fffff]
Jun  6 16:34:44 cu-cs-vm kernel: [    0.345278] pci 0000:00:17.4:   bridge window [mem 0xe6800000-0xe68fffff 64bit pref]
Jun  6 16:34:44 cu-cs-vm kernel: [    0.345584] pci 0000:00:17.5: PCI bridge to [bus 18]
Jun  6 16:34:44 cu-cs-vm kernel: [    0.345675] pci 0000:00:17.5:   bridge window [mem 0xfbe00000-0xfbefffff]
Jun  6 16:34:44 cu-cs-vm kernel: [    0.345714] pci 0000:00:17.5:   bridge window [mem 0xe6400000-0xe64fffff 64bit pref]
Jun  6 16:34:44 cu-cs-vm kernel: [    0.346030] pci 0000:00:17.6: PCI bridge to [bus 19]
Jun  6 16:34:44 cu-cs-vm kernel: [    0.346121] pci 0000:00:17.6:   bridge window [mem 0xfba00000-0xfbafffff]
Jun  6 16:34:44 cu-cs-vm kernel: [    0.346161] pci 0000:00:17.6:   bridge window [mem 0xe6000000-0xe60fffff 64bit pref]
Jun  6 16:34:44 cu-cs-vm kernel: [    0.346490] pci 0000:00:17.7: PCI bridge to [bus 1a]
Jun  6 16:34:44 cu-cs-vm kernel: [    0.346582] pci 0000:00:17.7:   bridge window [mem 0xfb600000-0xfb6fffff]
Jun  6 16:34:44 cu-cs-vm kernel: [    0.346621] pci 0000:00:17.7:   bridge window [mem 0xe5c00000-0xe5cfffff 64bit pref]
Jun  6 16:34:44 cu-cs-vm kernel: [    0.346936] pci 0000:00:18.0: PCI bridge to [bus 1b]
Jun  6 16:34:44 cu-cs-vm kernel: [    0.347009] pci 0000:00:18.0:   bridge window [io  0x7000-0x7fff]
Jun  6 16:34:44 cu-cs-vm kernel: [    0.347030] pci 0000:00:18.0:   bridge window [mem 0xfd100000-0xfd1fffff]
Jun  6 16:34:44 cu-cs-vm kernel: [    0.347069] pci 0000:00:18.0:   bridge window [mem 0xe7700000-0xe77fffff 64bit pref]
Jun  6 16:34:44 cu-cs-vm kernel: [    0.347380] pci 0000:00:18.1: PCI bridge to [bus 1c]
Jun  6 16:34:44 cu-cs-vm kernel: [    0.347452] pci 0000:00:18.1:   bridge window [io  0xb000-0xbfff]
Jun  6 16:34:44 cu-cs-vm kernel: [    0.347473] pci 0000:00:18.1:   bridge window [mem 0xfcd00000-0xfcdfffff]
Jun  6 16:34:44 cu-cs-vm kernel: [    0.347512] pci 0000:00:18.1:   bridge window [mem 0xe7300000-0xe73fffff 64bit pref]
Jun  6 16:34:44 cu-cs-vm kernel: [    0.347820] pci 0000:00:18.2: PCI bridge to [bus 1d]
Jun  6 16:34:44 cu-cs-vm kernel: [    0.347912] pci 0000:00:18.2:   bridge window [mem 0xfc900000-0xfc9fffff]
Jun  6 16:34:44 cu-cs-vm kernel: [    0.347951] pci 0000:00:18.2:   bridge window [mem 0xe6f00000-0xe6ffffff 64bit pref]
Jun  6 16:34:44 cu-cs-vm kernel: [    0.348247] pci 0000:00:18.3: PCI bridge to [bus 1e]
Jun  6 16:34:44 cu-cs-vm kernel: [    0.348338] pci 0000:00:18.3:   bridge window [mem 0xfc500000-0xfc5fffff]
Jun  6 16:34:44 cu-cs-vm kernel: [    0.348377] pci 0000:00:18.3:   bridge window [mem 0xe6b00000-0xe6bfffff 64bit pref]
Jun  6 16:34:44 cu-cs-vm kernel: [    0.348706] pci 0000:00:18.4: PCI bridge to [bus 1f]
Jun  6 16:34:44 cu-cs-vm kernel: [    0.348810] pci 0000:00:18.4:   bridge window [mem 0xfc100000-0xfc1fffff]
Jun  6 16:34:44 cu-cs-vm kernel: [    0.348850] pci 0000:00:18.4:   bridge window [mem 0xe6700000-0xe67fffff 64bit pref]
Jun  6 16:34:44 cu-cs-vm kernel: [    0.349164] pci 0000:00:18.5: PCI bridge to [bus 20]
Jun  6 16:34:44 cu-cs-vm kernel: [    0.349256] pci 0000:00:18.5:   bridge window [mem 0xfbd00000-0xfbdfffff]
Jun  6 16:34:44 cu-cs-vm kernel: [    0.349295] pci 0000:00:18.5:   bridge window [mem 0xe6300000-0xe63fffff 64bit pref]
Jun  6 16:34:44 cu-cs-vm kernel: [    0.349608] pci 0000:00:18.6: PCI bridge to [bus 21]
Jun  6 16:34:44 cu-cs-vm kernel: [    0.349699] pci 0000:00:18.6:   bridge window [mem 0xfb900000-0xfb9fffff]
Jun  6 16:34:44 cu-cs-vm kernel: [    0.349738] pci 0000:00:18.6:   bridge window [mem 0xe5f00000-0xe5ffffff 64bit pref]
Jun  6 16:34:44 cu-cs-vm kernel: [    0.350054] pci 0000:00:18.7: PCI bridge to [bus 22]
Jun  6 16:34:44 cu-cs-vm kernel: [    0.350146] pci 0000:00:18.7:   bridge window [mem 0xfb500000-0xfb5fffff]
Jun  6 16:34:44 cu-cs-vm kernel: [    0.350185] pci 0000:00:18.7:   bridge window [mem 0xe5b00000-0xe5bfffff 64bit pref]
Jun  6 16:34:44 cu-cs-vm kernel: [    0.352624] ACPI: PCI Interrupt Link [LNKA] (IRQs 3 4 5 6 7 *9 10 11 14 15)
Jun  6 16:34:44 cu-cs-vm kernel: [    0.352791] ACPI: PCI Interrupt Link [LNKB] (IRQs 3 4 5 6 7 9 10 *11 14 15)
Jun  6 16:34:44 cu-cs-vm kernel: [    0.352944] ACPI: PCI Interrupt Link [LNKC] (IRQs 3 4 5 6 7 9 *10 11 14 15)
Jun  6 16:34:44 cu-cs-vm kernel: [    0.353096] ACPI: PCI Interrupt Link [LNKD] (IRQs 3 4 5 6 *7 9 10 11 14 15)
Jun  6 16:34:44 cu-cs-vm kernel: [    0.397403] SCSI subsystem initialized
Jun  6 16:34:44 cu-cs-vm kernel: [    0.397534] libata version 3.00 loaded.
